<?xml version="1.0" encoding="ISO-8859-1" ?>
<link_info>
   <banner>TI ARM Clang Linker PC v2.1.2.LTS</banner>
   <copyright>Copyright (c) 1996-2018 Texas Instruments Incorporated</copyright>
   <link_time>0x63cb120e</link_time>
   <link_errors>0x0</link_errors>
   <output_file>i2ctmp_CC26X2R1_LAUNCHXL_tirtos7_ticlang.out</output_file>
   <entry_point>
      <name>ResetISR</name>
      <address>0x6bb3</address>
   </entry_point>
   <input_file_list>
      <input_file id="fl-1">
         <path>.\</path>
         <kind>object</kind>
         <file>i2ctmp.o</file>
         <name>i2ctmp.o</name>
      </input_file>
      <input_file id="fl-2">
         <path>.\syscfg\</path>
         <kind>object</kind>
         <file>ti_devices_config.o</file>
         <name>ti_devices_config.o</name>
      </input_file>
      <input_file id="fl-3">
         <path>.\syscfg\</path>
         <kind>object</kind>
         <file>ti_drivers_config.o</file>
         <name>ti_drivers_config.o</name>
      </input_file>
      <input_file id="fl-4">
         <path>.\syscfg\</path>
         <kind>object</kind>
         <file>ti_sysbios_config.o</file>
         <name>ti_sysbios_config.o</name>
      </input_file>
      <input_file id="fl-5">
         <path>.\</path>
         <kind>object</kind>
         <file>main_tirtos.o</file>
         <name>main_tirtos.o</name>
      </input_file>
      <input_file id="fl-1a">
         <kind>object</kind>
         <file>&lt;internal&gt;</file>
         <name>&lt;internal&gt;</name>
      </input_file>
      <input_file id="fl-1b">
         <path>C:\ti\simplelink_cc13xx_cc26xx_sdk_6_30_01_03\source\ti\display\lib\ticlang\m4f\</path>
         <kind>archive</kind>
         <file>display_cc26x2.a</file>
         <name>Display.c.obj</name>
      </input_file>
      <input_file id="fl-1c">
         <path>C:\ti\simplelink_cc13xx_cc26xx_sdk_6_30_01_03\source\ti\display\lib\ticlang\m4f\</path>
         <kind>archive</kind>
         <file>display_cc26x2.a</file>
         <name>DisplayUart2.c.obj</name>
      </input_file>
      <input_file id="fl-1d">
         <path>C:\ti\simplelink_cc13xx_cc26xx_sdk_6_30_01_03\source\ti\drivers\lib\ticlang\m4f\</path>
         <kind>archive</kind>
         <file>drivers_cc26x2.a</file>
         <name>GPIO.c.obj</name>
      </input_file>
      <input_file id="fl-1e">
         <path>C:\ti\simplelink_cc13xx_cc26xx_sdk_6_30_01_03\source\ti\drivers\lib\ticlang\m4f\</path>
         <kind>archive</kind>
         <file>drivers_cc26x2.a</file>
         <name>GPIOCC26XX.c.obj</name>
      </input_file>
      <input_file id="fl-1f">
         <path>C:\ti\simplelink_cc13xx_cc26xx_sdk_6_30_01_03\source\ti\drivers\lib\ticlang\m4f\</path>
         <kind>archive</kind>
         <file>drivers_cc26x2.a</file>
         <name>I2C.c.obj</name>
      </input_file>
      <input_file id="fl-20">
         <path>C:\ti\simplelink_cc13xx_cc26xx_sdk_6_30_01_03\source\ti\drivers\lib\ticlang\m4f\</path>
         <kind>archive</kind>
         <file>drivers_cc26x2.a</file>
         <name>I2CCC26XX.c.obj</name>
      </input_file>
      <input_file id="fl-21">
         <path>C:\ti\simplelink_cc13xx_cc26xx_sdk_6_30_01_03\source\ti\drivers\lib\ticlang\m4f\</path>
         <kind>archive</kind>
         <file>drivers_cc26x2.a</file>
         <name>PowerCC26X2.c.obj</name>
      </input_file>
      <input_file id="fl-22">
         <path>C:\ti\simplelink_cc13xx_cc26xx_sdk_6_30_01_03\source\ti\drivers\lib\ticlang\m4f\</path>
         <kind>archive</kind>
         <file>drivers_cc26x2.a</file>
         <name>PowerCC26X2_calibrateRCOSC.c.obj</name>
      </input_file>
      <input_file id="fl-23">
         <path>C:\ti\simplelink_cc13xx_cc26xx_sdk_6_30_01_03\source\ti\drivers\lib\ticlang\m4f\</path>
         <kind>archive</kind>
         <file>drivers_cc26x2.a</file>
         <name>TemperatureCC26X2.c.obj</name>
      </input_file>
      <input_file id="fl-24">
         <path>C:\ti\simplelink_cc13xx_cc26xx_sdk_6_30_01_03\source\ti\drivers\lib\ticlang\m4f\</path>
         <kind>archive</kind>
         <file>drivers_cc26x2.a</file>
         <name>Timer.c.obj</name>
      </input_file>
      <input_file id="fl-25">
         <path>C:\ti\simplelink_cc13xx_cc26xx_sdk_6_30_01_03\source\ti\drivers\lib\ticlang\m4f\</path>
         <kind>archive</kind>
         <file>drivers_cc26x2.a</file>
         <name>TimerCC26XX.c.obj</name>
      </input_file>
      <input_file id="fl-26">
         <path>C:\ti\simplelink_cc13xx_cc26xx_sdk_6_30_01_03\source\ti\drivers\lib\ticlang\m4f\</path>
         <kind>archive</kind>
         <file>drivers_cc26x2.a</file>
         <name>UART2.c.obj</name>
      </input_file>
      <input_file id="fl-27">
         <path>C:\ti\simplelink_cc13xx_cc26xx_sdk_6_30_01_03\source\ti\drivers\lib\ticlang\m4f\</path>
         <kind>archive</kind>
         <file>drivers_cc26x2.a</file>
         <name>UART2CC26X2.c.obj</name>
      </input_file>
      <input_file id="fl-28">
         <path>C:\ti\simplelink_cc13xx_cc26xx_sdk_6_30_01_03\source\ti\drivers\lib\ticlang\m4f\</path>
         <kind>archive</kind>
         <file>drivers_cc26x2.a</file>
         <name>GPIOCC26X2.c.obj</name>
      </input_file>
      <input_file id="fl-29">
         <path>C:\ti\simplelink_cc13xx_cc26xx_sdk_6_30_01_03\source\ti\drivers\lib\ticlang\m4f\</path>
         <kind>archive</kind>
         <file>drivers_cc26x2.a</file>
         <name>PowerCC26X2_calibrateRCOSC_helpers.c.obj</name>
      </input_file>
      <input_file id="fl-2a">
         <path>C:\ti\simplelink_cc13xx_cc26xx_sdk_6_30_01_03\source\ti\drivers\lib\ticlang\m4f\</path>
         <kind>archive</kind>
         <file>drivers_cc26x2.a</file>
         <name>PowerCC26X2_helpers.c.obj</name>
      </input_file>
      <input_file id="fl-2b">
         <path>C:\ti\simplelink_cc13xx_cc26xx_sdk_6_30_01_03\source\ti\drivers\lib\ticlang\m4f\</path>
         <kind>archive</kind>
         <file>drivers_cc26x2.a</file>
         <name>List.c.obj</name>
      </input_file>
      <input_file id="fl-2c">
         <path>C:\ti\simplelink_cc13xx_cc26xx_sdk_6_30_01_03\source\ti\drivers\lib\ticlang\m4f\</path>
         <kind>archive</kind>
         <file>drivers_cc26x2.a</file>
         <name>RingBuf.c.obj</name>
      </input_file>
      <input_file id="fl-2d">
         <path>C:\ti\simplelink_cc13xx_cc26xx_sdk_6_30_01_03\source\ti\drivers\lib\ticlang\m4f\</path>
         <kind>archive</kind>
         <file>drivers_cc26x2.a</file>
         <name>UDMACC26XX.c.obj</name>
      </input_file>
      <input_file id="fl-2e">
         <path>C:\ti\simplelink_cc13xx_cc26xx_sdk_6_30_01_03\source\ti\drivers\lib\ticlang\m4f\</path>
         <kind>archive</kind>
         <file>drivers_cc26x2.a</file>
         <name>GPTimerCC26XX.c.obj</name>
      </input_file>
      <input_file id="fl-2f">
         <path>C:\ti\simplelink_cc13xx_cc26xx_sdk_6_30_01_03\kernel\tirtos7\packages\ti\sysbios\lib\ticlang\m4f\</path>
         <kind>archive</kind>
         <file>sysbios.a</file>
         <name>TaskSupport_asm_gnu.obj</name>
      </input_file>
      <input_file id="fl-30">
         <path>C:\ti\simplelink_cc13xx_cc26xx_sdk_6_30_01_03\kernel\tirtos7\packages\ti\sysbios\lib\ticlang\m4f\</path>
         <kind>archive</kind>
         <file>sysbios.a</file>
         <name>Hwi_asm_gnu.obj</name>
      </input_file>
      <input_file id="fl-31">
         <path>C:\ti\simplelink_cc13xx_cc26xx_sdk_6_30_01_03\kernel\tirtos7\packages\ti\sysbios\lib\ticlang\m4f\</path>
         <kind>archive</kind>
         <file>sysbios.a</file>
         <name>Hwi_asm_switch_gnu.obj</name>
      </input_file>
      <input_file id="fl-32">
         <path>C:\ti\simplelink_cc13xx_cc26xx_sdk_6_30_01_03\kernel\tirtos7\packages\ti\sysbios\lib\ticlang\m4f\</path>
         <kind>archive</kind>
         <file>sysbios.a</file>
         <name>boot_cortex_m.obj</name>
      </input_file>
      <input_file id="fl-33">
         <path>C:\ti\simplelink_cc13xx_cc26xx_sdk_6_30_01_03\source\ti\devices\cc13x2_cc26x2\driverlib\bin\ticlang\</path>
         <kind>archive</kind>
         <file>driverlib.lib</file>
         <name>setup.o</name>
      </input_file>
      <input_file id="fl-34">
         <path>C:\ti\simplelink_cc13xx_cc26xx_sdk_6_30_01_03\source\ti\devices\cc13x2_cc26x2\driverlib\bin\ticlang\</path>
         <kind>archive</kind>
         <file>driverlib.lib</file>
         <name>aux_sysif.o</name>
      </input_file>
      <input_file id="fl-35">
         <path>C:\ti\simplelink_cc13xx_cc26xx_sdk_6_30_01_03\source\ti\devices\cc13x2_cc26x2\driverlib\bin\ticlang\</path>
         <kind>archive</kind>
         <file>driverlib.lib</file>
         <name>sys_ctrl.o</name>
      </input_file>
      <input_file id="fl-36">
         <path>C:\ti\simplelink_cc13xx_cc26xx_sdk_6_30_01_03\source\ti\devices\cc13x2_cc26x2\driverlib\bin\ticlang\</path>
         <kind>archive</kind>
         <file>driverlib.lib</file>
         <name>cpu.o</name>
      </input_file>
      <input_file id="fl-37">
         <path>C:\ti\simplelink_cc13xx_cc26xx_sdk_6_30_01_03\source\ti\devices\cc13x2_cc26x2\driverlib\bin\ticlang\</path>
         <kind>archive</kind>
         <file>driverlib.lib</file>
         <name>osc.o</name>
      </input_file>
      <input_file id="fl-38">
         <path>C:\ti\simplelink_cc13xx_cc26xx_sdk_6_30_01_03\source\ti\devices\cc13x2_cc26x2\driverlib\bin\ticlang\</path>
         <kind>archive</kind>
         <file>driverlib.lib</file>
         <name>prcm.o</name>
      </input_file>
      <input_file id="fl-39">
         <path>C:\ti\simplelink_cc13xx_cc26xx_sdk_6_30_01_03\source\ti\devices\cc13x2_cc26x2\driverlib\bin\ticlang\</path>
         <kind>archive</kind>
         <file>driverlib.lib</file>
         <name>chipinfo.o</name>
      </input_file>
      <input_file id="fl-45">
         <path>C:\ti\ccs1210\ccs\tools\compiler\ti-cgt-armllvm_2.1.2.LTS\lib\armv7em-ti-none-eabihf\c\</path>
         <kind>archive</kind>
         <file>libc.a</file>
         <name>e_acos.c.obj</name>
      </input_file>
      <input_file id="fl-46">
         <path>C:\ti\ccs1210\ccs\tools\compiler\ti-cgt-armllvm_2.1.2.LTS\lib\armv7em-ti-none-eabihf\c\</path>
         <kind>archive</kind>
         <file>libc.a</file>
         <name>e_sqrt.c.obj</name>
      </input_file>
      <input_file id="fl-47">
         <path>C:\ti\ccs1210\ccs\tools\compiler\ti-cgt-armllvm_2.1.2.LTS\lib\armv7em-ti-none-eabihf\c\</path>
         <kind>archive</kind>
         <file>libc.a</file>
         <name>aeabi_portable.c.obj</name>
      </input_file>
      <input_file id="fl-48">
         <path>C:\ti\ccs1210\ccs\tools\compiler\ti-cgt-armllvm_2.1.2.LTS\lib\armv7em-ti-none-eabihf\c\</path>
         <kind>archive</kind>
         <file>libc.a</file>
         <name>exit.c.obj</name>
      </input_file>
      <input_file id="fl-49">
         <path>C:\ti\ccs1210\ccs\tools\compiler\ti-cgt-armllvm_2.1.2.LTS\lib\armv7em-ti-none-eabihf\c\</path>
         <kind>archive</kind>
         <file>libc.a</file>
         <name>_lock.c.obj</name>
      </input_file>
      <input_file id="fl-4a">
         <path>C:\ti\ccs1210\ccs\tools\compiler\ti-cgt-armllvm_2.1.2.LTS\lib\armv7em-ti-none-eabihf\c\</path>
         <kind>archive</kind>
         <file>libc.a</file>
         <name>args_main.c.obj</name>
      </input_file>
      <input_file id="fl-4b">
         <path>C:\ti\ccs1210\ccs\tools\compiler\ti-cgt-armllvm_2.1.2.LTS\lib\armv7em-ti-none-eabihf\c\</path>
         <kind>archive</kind>
         <file>libc.a</file>
         <name>assert.c.obj</name>
      </input_file>
      <input_file id="fl-4c">
         <path>C:\ti\ccs1210\ccs\tools\compiler\ti-cgt-armllvm_2.1.2.LTS\lib\armv7em-ti-none-eabihf\c\</path>
         <kind>archive</kind>
         <file>libc.a</file>
         <name>defs.c.obj</name>
      </input_file>
      <input_file id="fl-4d">
         <path>C:\ti\ccs1210\ccs\tools\compiler\ti-cgt-armllvm_2.1.2.LTS\lib\armv7em-ti-none-eabihf\c\</path>
         <kind>archive</kind>
         <file>libc.a</file>
         <name>autoinit.c.obj</name>
      </input_file>
      <input_file id="fl-4e">
         <path>C:\ti\ccs1210\ccs\tools\compiler\ti-cgt-armllvm_2.1.2.LTS\lib\armv7em-ti-none-eabihf\c\</path>
         <kind>archive</kind>
         <file>libc.a</file>
         <name>cpy_tbl.c.obj</name>
      </input_file>
      <input_file id="fl-4f">
         <path>C:\ti\ccs1210\ccs\tools\compiler\ti-cgt-armllvm_2.1.2.LTS\lib\armv7em-ti-none-eabihf\c\</path>
         <kind>archive</kind>
         <file>libc.a</file>
         <name>copy_zero_init.c.obj</name>
      </input_file>
      <input_file id="fl-50">
         <path>C:\ti\ccs1210\ccs\tools\compiler\ti-cgt-armllvm_2.1.2.LTS\lib\armv7em-ti-none-eabihf\c\</path>
         <kind>archive</kind>
         <file>libc.a</file>
         <name>copy_decompress_none.c.obj</name>
      </input_file>
      <input_file id="fl-51">
         <path>C:\ti\ccs1210\ccs\tools\compiler\ti-cgt-armllvm_2.1.2.LTS\lib\armv7em-ti-none-eabihf\c\</path>
         <kind>archive</kind>
         <file>libc.a</file>
         <name>copy_decompress_lzss.c.obj</name>
      </input_file>
      <input_file id="fl-52">
         <path>C:\ti\ccs1210\ccs\tools\compiler\ti-cgt-armllvm_2.1.2.LTS\lib\armv7em-ti-none-eabihf\c\</path>
         <kind>archive</kind>
         <file>libc.a</file>
         <name>sprintf.c.obj</name>
      </input_file>
      <input_file id="fl-53">
         <path>C:\ti\ccs1210\ccs\tools\compiler\ti-cgt-armllvm_2.1.2.LTS\lib\armv7em-ti-none-eabihf\c\</path>
         <kind>archive</kind>
         <file>libc.a</file>
         <name>fflush.c.obj</name>
      </input_file>
      <input_file id="fl-54">
         <path>C:\ti\ccs1210\ccs\tools\compiler\ti-cgt-armllvm_2.1.2.LTS\lib\armv7em-ti-none-eabihf\c\</path>
         <kind>archive</kind>
         <file>libc.a</file>
         <name>fputs.c.obj</name>
      </input_file>
      <input_file id="fl-55">
         <path>C:\ti\ccs1210\ccs\tools\compiler\ti-cgt-armllvm_2.1.2.LTS\lib\armv7em-ti-none-eabihf\c\</path>
         <kind>archive</kind>
         <file>libc.a</file>
         <name>_io_perm.c.obj</name>
      </input_file>
      <input_file id="fl-56">
         <path>C:\ti\ccs1210\ccs\tools\compiler\ti-cgt-armllvm_2.1.2.LTS\lib\armv7em-ti-none-eabihf\c\</path>
         <kind>archive</kind>
         <file>libc.a</file>
         <name>setvbuf.c.obj</name>
      </input_file>
      <input_file id="fl-57">
         <path>C:\ti\ccs1210\ccs\tools\compiler\ti-cgt-armllvm_2.1.2.LTS\lib\armv7em-ti-none-eabihf\c\</path>
         <kind>archive</kind>
         <file>libc.a</file>
         <name>_printfi.c.obj</name>
      </input_file>
      <input_file id="fl-58">
         <path>C:\ti\ccs1210\ccs\tools\compiler\ti-cgt-armllvm_2.1.2.LTS\lib\armv7em-ti-none-eabihf\c\</path>
         <kind>archive</kind>
         <file>libc.a</file>
         <name>fopen.c.obj</name>
      </input_file>
      <input_file id="fl-59">
         <path>C:\ti\ccs1210\ccs\tools\compiler\ti-cgt-armllvm_2.1.2.LTS\lib\armv7em-ti-none-eabihf\c\</path>
         <kind>archive</kind>
         <file>libc.a</file>
         <name>fseek.c.obj</name>
      </input_file>
      <input_file id="fl-5a">
         <path>C:\ti\ccs1210\ccs\tools\compiler\ti-cgt-armllvm_2.1.2.LTS\lib\armv7em-ti-none-eabihf\c\</path>
         <kind>archive</kind>
         <file>libc.a</file>
         <name>wcslen.c.obj</name>
      </input_file>
      <input_file id="fl-5b">
         <path>C:\ti\ccs1210\ccs\tools\compiler\ti-cgt-armllvm_2.1.2.LTS\lib\armv7em-ti-none-eabihf\c\</path>
         <kind>archive</kind>
         <file>libc.a</file>
         <name>_ltoa.c.obj</name>
      </input_file>
      <input_file id="fl-5c">
         <path>C:\ti\ccs1210\ccs\tools\compiler\ti-cgt-armllvm_2.1.2.LTS\lib\armv7em-ti-none-eabihf\c\</path>
         <kind>archive</kind>
         <file>libc.a</file>
         <name>atoi.c.obj</name>
      </input_file>
      <input_file id="fl-5d">
         <path>C:\ti\ccs1210\ccs\tools\compiler\ti-cgt-armllvm_2.1.2.LTS\lib\armv7em-ti-none-eabihf\c\</path>
         <kind>archive</kind>
         <file>libc.a</file>
         <name>memccpy.c.obj</name>
      </input_file>
      <input_file id="fl-5e">
         <path>C:\ti\ccs1210\ccs\tools\compiler\ti-cgt-armllvm_2.1.2.LTS\lib\armv7em-ti-none-eabihf\c\</path>
         <kind>archive</kind>
         <file>libc.a</file>
         <name>s_frexp.c.obj</name>
      </input_file>
      <input_file id="fl-5f">
         <path>C:\ti\ccs1210\ccs\tools\compiler\ti-cgt-armllvm_2.1.2.LTS\lib\armv7em-ti-none-eabihf\c\</path>
         <kind>archive</kind>
         <file>libc.a</file>
         <name>s_scalbn.c.obj</name>
      </input_file>
      <input_file id="fl-60">
         <path>C:\ti\ccs1210\ccs\tools\compiler\ti-cgt-armllvm_2.1.2.LTS\lib\armv7em-ti-none-eabihf\c\</path>
         <kind>archive</kind>
         <file>libc.a</file>
         <name>fclose.c.obj</name>
      </input_file>
      <input_file id="fl-61">
         <path>C:\ti\ccs1210\ccs\tools\compiler\ti-cgt-armllvm_2.1.2.LTS\lib\armv7em-ti-none-eabihf\c\</path>
         <kind>archive</kind>
         <file>libc.a</file>
         <name>aeabi_ctype.S.obj</name>
      </input_file>
      <input_file id="fl-9a">
         <path>C:\ti\ccs1210\ccs\tools\compiler\ti-cgt-armllvm_2.1.2.LTS\lib\armv7em-ti-none-eabihf\c\</path>
         <kind>archive</kind>
         <file>libsysbm.a</file>
         <name>write.c.obj</name>
      </input_file>
      <input_file id="fl-9b">
         <path>C:\ti\ccs1210\ccs\tools\compiler\ti-cgt-armllvm_2.1.2.LTS\lib\armv7em-ti-none-eabihf\c\</path>
         <kind>archive</kind>
         <file>libsysbm.a</file>
         <name>host_device.c.obj</name>
      </input_file>
      <input_file id="fl-9c">
         <path>C:\ti\ccs1210\ccs\tools\compiler\ti-cgt-armllvm_2.1.2.LTS\lib\armv7em-ti-none-eabihf\c\</path>
         <kind>archive</kind>
         <file>libsysbm.a</file>
         <name>remove.c.obj</name>
      </input_file>
      <input_file id="fl-9d">
         <path>C:\ti\ccs1210\ccs\tools\compiler\ti-cgt-armllvm_2.1.2.LTS\lib\armv7em-ti-none-eabihf\c\</path>
         <kind>archive</kind>
         <file>libsysbm.a</file>
         <name>open.c.obj</name>
      </input_file>
      <input_file id="fl-9e">
         <path>C:\ti\ccs1210\ccs\tools\compiler\ti-cgt-armllvm_2.1.2.LTS\lib\armv7em-ti-none-eabihf\c\</path>
         <kind>archive</kind>
         <file>libsysbm.a</file>
         <name>lseek.c.obj</name>
      </input_file>
      <input_file id="fl-9f">
         <path>C:\ti\ccs1210\ccs\tools\compiler\ti-cgt-armllvm_2.1.2.LTS\lib\armv7em-ti-none-eabihf\c\</path>
         <kind>archive</kind>
         <file>libsysbm.a</file>
         <name>close.c.obj</name>
      </input_file>
      <input_file id="fl-a0">
         <path>C:\ti\ccs1210\ccs\tools\compiler\ti-cgt-armllvm_2.1.2.LTS\lib\armv7em-ti-none-eabihf\c\</path>
         <kind>archive</kind>
         <file>libsysbm.a</file>
         <name>unlink.c.obj</name>
      </input_file>
      <input_file id="fl-a1">
         <path>C:\ti\ccs1210\ccs\tools\compiler\ti-cgt-armllvm_2.1.2.LTS\lib\armv7em-ti-none-eabihf\c\</path>
         <kind>archive</kind>
         <file>libsysbm.a</file>
         <name>hostclose.c.obj</name>
      </input_file>
      <input_file id="fl-a2">
         <path>C:\ti\ccs1210\ccs\tools\compiler\ti-cgt-armllvm_2.1.2.LTS\lib\armv7em-ti-none-eabihf\c\</path>
         <kind>archive</kind>
         <file>libsysbm.a</file>
         <name>hostlseek.c.obj</name>
      </input_file>
      <input_file id="fl-a3">
         <path>C:\ti\ccs1210\ccs\tools\compiler\ti-cgt-armllvm_2.1.2.LTS\lib\armv7em-ti-none-eabihf\c\</path>
         <kind>archive</kind>
         <file>libsysbm.a</file>
         <name>hostopen.c.obj</name>
      </input_file>
      <input_file id="fl-a4">
         <path>C:\ti\ccs1210\ccs\tools\compiler\ti-cgt-armllvm_2.1.2.LTS\lib\armv7em-ti-none-eabihf\c\</path>
         <kind>archive</kind>
         <file>libsysbm.a</file>
         <name>hostread.c.obj</name>
      </input_file>
      <input_file id="fl-a5">
         <path>C:\ti\ccs1210\ccs\tools\compiler\ti-cgt-armllvm_2.1.2.LTS\lib\armv7em-ti-none-eabihf\c\</path>
         <kind>archive</kind>
         <file>libsysbm.a</file>
         <name>hostrename.c.obj</name>
      </input_file>
      <input_file id="fl-a6">
         <path>C:\ti\ccs1210\ccs\tools\compiler\ti-cgt-armllvm_2.1.2.LTS\lib\armv7em-ti-none-eabihf\c\</path>
         <kind>archive</kind>
         <file>libsysbm.a</file>
         <name>hostunlink.c.obj</name>
      </input_file>
      <input_file id="fl-a7">
         <path>C:\ti\ccs1210\ccs\tools\compiler\ti-cgt-armllvm_2.1.2.LTS\lib\armv7em-ti-none-eabihf\c\</path>
         <kind>archive</kind>
         <file>libsysbm.a</file>
         <name>hostwrite.c.obj</name>
      </input_file>
      <input_file id="fl-a8">
         <path>C:\ti\ccs1210\ccs\tools\compiler\ti-cgt-armllvm_2.1.2.LTS\lib\armv7em-ti-none-eabihf\c\</path>
         <kind>archive</kind>
         <file>libsysbm.a</file>
         <name>trgmsg.c.obj</name>
      </input_file>
      <input_file id="fl-a9">
         <path>C:\ti\ccs1210\ccs\tools\compiler\ti-cgt-armllvm_2.1.2.LTS\lib\clang\14.0.6\lib\armv7em-ti-none-eabihf\</path>
         <kind>archive</kind>
         <file>libclang_rt.builtins.a</file>
         <name>adddf3.S.obj</name>
      </input_file>
      <input_file id="fl-aa">
         <path>C:\ti\ccs1210\ccs\tools\compiler\ti-cgt-armllvm_2.1.2.LTS\lib\clang\14.0.6\lib\armv7em-ti-none-eabihf\</path>
         <kind>archive</kind>
         <file>libclang_rt.builtins.a</file>
         <name>muldf3.S.obj</name>
      </input_file>
      <input_file id="fl-ab">
         <path>C:\ti\ccs1210\ccs\tools\compiler\ti-cgt-armllvm_2.1.2.LTS\lib\clang\14.0.6\lib\armv7em-ti-none-eabihf\</path>
         <kind>archive</kind>
         <file>libclang_rt.builtins.a</file>
         <name>divdf3.S.obj</name>
      </input_file>
      <input_file id="fl-ac">
         <path>C:\ti\ccs1210\ccs\tools\compiler\ti-cgt-armllvm_2.1.2.LTS\lib\clang\14.0.6\lib\armv7em-ti-none-eabihf\</path>
         <kind>archive</kind>
         <file>libclang_rt.builtins.a</file>
         <name>extendsfdf2.S.obj</name>
      </input_file>
      <input_file id="fl-ad">
         <path>C:\ti\ccs1210\ccs\tools\compiler\ti-cgt-armllvm_2.1.2.LTS\lib\clang\14.0.6\lib\armv7em-ti-none-eabihf\</path>
         <kind>archive</kind>
         <file>libclang_rt.builtins.a</file>
         <name>fixdfsi.S.obj</name>
      </input_file>
      <input_file id="fl-ae">
         <path>C:\ti\ccs1210\ccs\tools\compiler\ti-cgt-armllvm_2.1.2.LTS\lib\clang\14.0.6\lib\armv7em-ti-none-eabihf\</path>
         <kind>archive</kind>
         <file>libclang_rt.builtins.a</file>
         <name>fixunsdfsi.S.obj</name>
      </input_file>
      <input_file id="fl-af">
         <path>C:\ti\ccs1210\ccs\tools\compiler\ti-cgt-armllvm_2.1.2.LTS\lib\clang\14.0.6\lib\armv7em-ti-none-eabihf\</path>
         <kind>archive</kind>
         <file>libclang_rt.builtins.a</file>
         <name>floatsidf.S.obj</name>
      </input_file>
      <input_file id="fl-b0">
         <path>C:\ti\ccs1210\ccs\tools\compiler\ti-cgt-armllvm_2.1.2.LTS\lib\clang\14.0.6\lib\armv7em-ti-none-eabihf\</path>
         <kind>archive</kind>
         <file>libclang_rt.builtins.a</file>
         <name>aeabi_dcmp.S.obj</name>
      </input_file>
      <input_file id="fl-b1">
         <path>C:\ti\ccs1210\ccs\tools\compiler\ti-cgt-armllvm_2.1.2.LTS\lib\clang\14.0.6\lib\armv7em-ti-none-eabihf\</path>
         <kind>archive</kind>
         <file>libclang_rt.builtins.a</file>
         <name>aeabi_ldivmod.S.obj</name>
      </input_file>
      <input_file id="fl-b2">
         <path>C:\ti\ccs1210\ccs\tools\compiler\ti-cgt-armllvm_2.1.2.LTS\lib\clang\14.0.6\lib\armv7em-ti-none-eabihf\</path>
         <kind>archive</kind>
         <file>libclang_rt.builtins.a</file>
         <name>aeabi_memcpy.S.obj</name>
      </input_file>
      <input_file id="fl-b3">
         <path>C:\ti\ccs1210\ccs\tools\compiler\ti-cgt-armllvm_2.1.2.LTS\lib\clang\14.0.6\lib\armv7em-ti-none-eabihf\</path>
         <kind>archive</kind>
         <file>libclang_rt.builtins.a</file>
         <name>aeabi_memset.S.obj</name>
      </input_file>
      <input_file id="fl-b4">
         <path>C:\ti\ccs1210\ccs\tools\compiler\ti-cgt-armllvm_2.1.2.LTS\lib\clang\14.0.6\lib\armv7em-ti-none-eabihf\</path>
         <kind>archive</kind>
         <file>libclang_rt.builtins.a</file>
         <name>aeabi_uldivmod.S.obj</name>
      </input_file>
      <input_file id="fl-b5">
         <path>C:\ti\ccs1210\ccs\tools\compiler\ti-cgt-armllvm_2.1.2.LTS\lib\clang\14.0.6\lib\armv7em-ti-none-eabihf\</path>
         <kind>archive</kind>
         <file>libclang_rt.builtins.a</file>
         <name>udivmoddi4.S.obj</name>
      </input_file>
      <input_file id="fl-b6">
         <path>C:\ti\ccs1210\ccs\tools\compiler\ti-cgt-armllvm_2.1.2.LTS\lib\clang\14.0.6\lib\armv7em-ti-none-eabihf\</path>
         <kind>archive</kind>
         <file>libclang_rt.builtins.a</file>
         <name>comparedf2.c.obj</name>
      </input_file>
      <input_file id="fl-b7">
         <path>C:\ti\ccs1210\ccs\tools\compiler\ti-cgt-armllvm_2.1.2.LTS\lib\clang\14.0.6\lib\armv7em-ti-none-eabihf\</path>
         <kind>archive</kind>
         <file>libclang_rt.builtins.a</file>
         <name>divmoddi4.c.obj</name>
      </input_file>
      <input_file id="fl-b8">
         <path>C:\ti\ccs1210\ccs\tools\compiler\ti-cgt-armllvm_2.1.2.LTS\lib\clang\14.0.6\lib\armv7em-ti-none-eabihf\</path>
         <kind>archive</kind>
         <file>libclang_rt.builtins.a</file>
         <name>aeabi_div0.c.obj</name>
      </input_file>
      <input_file id="fl-b9">
         <path>C:\ti\ccs1210\ccs\tools\compiler\ti-cgt-armllvm_2.1.2.LTS\lib\armv7em-ti-none-eabihf\c\</path>
         <kind>archive</kind>
         <file>libc.a</file>
         <name>getdevice.c.obj</name>
      </input_file>
      <input_file id="fl-ba">
         <path>C:\ti\ccs1210\ccs\tools\compiler\ti-cgt-armllvm_2.1.2.LTS\lib\armv7em-ti-none-eabihf\c\</path>
         <kind>archive</kind>
         <file>libc.a</file>
         <name>memcpy_t2.S.obj</name>
      </input_file>
      <input_file id="fl-bb">
         <path>C:\ti\ccs1210\ccs\tools\compiler\ti-cgt-armllvm_2.1.2.LTS\lib\armv7em-ti-none-eabihf\c\</path>
         <kind>archive</kind>
         <file>libc.a</file>
         <name>memset_t2.S.obj</name>
      </input_file>
   </input_file_list>
   <object_component_list>
      <object_component id="oc-120">
         <name>.text.acos</name>
         <load_address>0x40</load_address>
         <run_address>0x40</run_address>
         <size>0x3d0</size>
         <input_file_ref idref="fl-45"/>
      </object_component>
      <object_component id="oc-35f">
         <name>.text.ti_sysbios_runtime_System_doPrint</name>
         <load_address>0x410</load_address>
         <run_address>0x410</run_address>
         <size>0x340</size>
         <input_file_ref idref="fl-4"/>
      </object_component>
      <object_component id="oc-b3">
         <name>.text.mainThread</name>
         <load_address>0x750</load_address>
         <run_address>0x750</run_address>
         <size>0x224</size>
         <input_file_ref idref="fl-1"/>
      </object_component>
      <object_component id="oc-338">
         <name>.text.UART2CC26X2_hwiIntFxn</name>
         <load_address>0x974</load_address>
         <run_address>0x974</run_address>
         <size>0x1f0</size>
         <input_file_ref idref="fl-27"/>
      </object_component>
      <object_component id="oc-110">
         <name>.text</name>
         <load_address>0xb64</load_address>
         <run_address>0xb64</run_address>
         <size>0x1b6</size>
         <input_file_ref idref="fl-a9"/>
      </object_component>
      <object_component id="oc-267">
         <name>.text.BIOS_nullFunc</name>
         <load_address>0xd1a</load_address>
         <run_address>0xd1a</run_address>
         <size>0x2</size>
         <input_file_ref idref="fl-4"/>
      </object_component>
      <object_component id="oc-163">
         <name>.text.PowerCC26X2_auxISR</name>
         <load_address>0xd1c</load_address>
         <run_address>0xd1c</run_address>
         <size>0x194</size>
         <input_file_ref idref="fl-22"/>
      </object_component>
      <object_component id="oc-2f9">
         <name>.text.UART2_open</name>
         <load_address>0xeb0</load_address>
         <run_address>0xeb0</run_address>
         <size>0x17c</size>
         <input_file_ref idref="fl-27"/>
      </object_component>
      <object_component id="oc-35e">
         <name>.text.UART2_writeTimeoutBlocking</name>
         <load_address>0x102c</load_address>
         <run_address>0x102c</run_address>
         <size>0x174</size>
         <input_file_ref idref="fl-26"/>
      </object_component>
      <object_component id="oc-118">
         <name>.text.sqrt</name>
         <load_address>0x11a0</load_address>
         <run_address>0x11a0</run_address>
         <size>0x168</size>
         <input_file_ref idref="fl-46"/>
      </object_component>
      <object_component id="oc-287">
         <name>.text.Power_sleep</name>
         <load_address>0x1308</load_address>
         <run_address>0x1308</run_address>
         <size>0x158</size>
         <input_file_ref idref="fl-21"/>
      </object_component>
      <object_component id="oc-377">
         <name>.text.ti_sysbios_runtime_System_printfExtend</name>
         <load_address>0x1460</load_address>
         <run_address>0x1460</run_address>
         <size>0x144</size>
         <input_file_ref idref="fl-4"/>
      </object_component>
      <object_component id="oc-104">
         <name>.text.I2C_open</name>
         <load_address>0x15a4</load_address>
         <run_address>0x15a4</run_address>
         <size>0x13c</size>
         <input_file_ref idref="fl-20"/>
      </object_component>
      <object_component id="oc-11c">
         <name>.text</name>
         <load_address>0x16e0</load_address>
         <run_address>0x16e0</run_address>
         <size>0x136</size>
         <input_file_ref idref="fl-ab"/>
      </object_component>
      <object_component id="oc-1ad">
         <name>.text.I2C_transferTimeout</name>
         <load_address>0x1816</load_address>
         <run_address>0x1816</run_address>
         <size>0x126</size>
         <input_file_ref idref="fl-1f"/>
      </object_component>
      <object_component id="oc-270">
         <name>.text.ti_sysbios_family_arm_cc26xx_Timer_construct</name>
         <load_address>0x193c</load_address>
         <run_address>0x193c</run_address>
         <size>0x120</size>
         <input_file_ref idref="fl-4"/>
      </object_component>
      <object_component id="oc-68">
         <name>.text.ti_sysbios_family_arm_m3_Hwi_dispatch</name>
         <load_address>0x1a5c</load_address>
         <run_address>0x1a5c</run_address>
         <size>0x11c</size>
         <input_file_ref idref="fl-30"/>
      </object_component>
      <object_component id="oc-35d">
         <name>.text.UART2_writeTimeoutNonblocking</name>
         <load_address>0x1b78</load_address>
         <run_address>0x1b78</run_address>
         <size>0x11a</size>
         <input_file_ref idref="fl-26"/>
      </object_component>
      <object_component id="oc-e7">
         <name>.text.Board_initHook</name>
         <load_address>0x1c92</load_address>
         <run_address>0x1c92</run_address>
         <size>0x2</size>
         <input_file_ref idref="fl-3"/>
      </object_component>
      <object_component id="oc-da">
         <name>.text.Power_init</name>
         <load_address>0x1c94</load_address>
         <run_address>0x1c94</run_address>
         <size>0x118</size>
         <input_file_ref idref="fl-21"/>
      </object_component>
      <object_component id="oc-20a">
         <name>.text.PowerCC26X2_calibrate</name>
         <load_address>0x1dac</load_address>
         <run_address>0x1dac</run_address>
         <size>0x10c</size>
         <input_file_ref idref="fl-22"/>
      </object_component>
      <object_component id="oc-e0">
         <name>.text.GPIO_init</name>
         <load_address>0x1eb8</load_address>
         <run_address>0x1eb8</run_address>
         <size>0x104</size>
         <input_file_ref idref="fl-28"/>
      </object_component>
      <object_component id="oc-333">
         <name>.text.UART2CC26X2_initHw</name>
         <load_address>0x1fbc</load_address>
         <run_address>0x1fbc</run_address>
         <size>0x104</size>
         <input_file_ref idref="fl-27"/>
      </object_component>
      <object_component id="oc-194">
         <name>.text.Timer_open</name>
         <load_address>0x20c0</load_address>
         <run_address>0x20c0</run_address>
         <size>0x100</size>
         <input_file_ref idref="fl-25"/>
      </object_component>
      <object_component id="oc-114">
         <name>.text</name>
         <load_address>0x21c0</load_address>
         <run_address>0x21c0</run_address>
         <size>0xfc</size>
         <input_file_ref idref="fl-aa"/>
      </object_component>
      <object_component id="oc-31f">
         <name>.text.NOROM_SysCtrlStandby</name>
         <load_address>0x22bc</load_address>
         <run_address>0x22bc</run_address>
         <size>0xf4</size>
         <input_file_ref idref="fl-35"/>
      </object_component>
      <object_component id="oc-359">
         <name>.text.UART2Support_dmaStartRx</name>
         <load_address>0x23b0</load_address>
         <run_address>0x23b0</run_address>
         <size>0xf0</size>
         <input_file_ref idref="fl-27"/>
      </object_component>
      <object_component id="oc-1a7">
         <name>.text.I2CCC26XX_hwiFxn</name>
         <load_address>0x24a0</load_address>
         <run_address>0x24a0</run_address>
         <size>0xe8</size>
         <input_file_ref idref="fl-20"/>
      </object_component>
      <object_component id="oc-71">
         <name>.text.NOROM_SetupTrimDevice</name>
         <load_address>0x2588</load_address>
         <run_address>0x2588</run_address>
         <size>0xe4</size>
         <input_file_ref idref="fl-33"/>
      </object_component>
      <object_component id="oc-10f">
         <name>.text.ti_sysbios_knl_Semaphore_pend</name>
         <load_address>0x266c</load_address>
         <run_address>0x266c</run_address>
         <size>0xe4</size>
         <input_file_ref idref="fl-4"/>
      </object_component>
      <object_component id="oc-b1">
         <name>.text.pthread_create</name>
         <load_address>0x2750</load_address>
         <run_address>0x2750</run_address>
         <size>0xd8</size>
         <input_file_ref idref="fl-4"/>
      </object_component>
      <object_component id="oc-133">
         <name>.text.ti_sysbios_family_arm_m3_Hwi_excFillContext</name>
         <load_address>0x2828</load_address>
         <run_address>0x2828</run_address>
         <size>0xd8</size>
         <input_file_ref idref="fl-4"/>
      </object_component>
      <object_component id="oc-1f1">
         <name>.text.configureXOSCHF</name>
         <load_address>0x2900</load_address>
         <run_address>0x2900</run_address>
         <size>0xd0</size>
         <input_file_ref idref="fl-21"/>
      </object_component>
      <object_component id="oc-1e4">
         <name>.text.ti_sysbios_knl_Clock_workFuncDynamic</name>
         <load_address>0x29d0</load_address>
         <run_address>0x29d0</run_address>
         <size>0xcc</size>
         <input_file_ref idref="fl-4"/>
      </object_component>
      <object_component id="oc-a1">
         <name>.text.TrimAfterColdResetWakeupFromShutDown</name>
         <load_address>0x2a9c</load_address>
         <run_address>0x2a9c</run_address>
         <size>0xc4</size>
         <input_file_ref idref="fl-33"/>
      </object_component>
      <object_component id="oc-35b">
         <name>.text.UART2Support_dmaStartTx</name>
         <load_address>0x2b60</load_address>
         <run_address>0x2b60</run_address>
         <size>0xbc</size>
         <input_file_ref idref="fl-27"/>
      </object_component>
      <object_component id="oc-220">
         <name>.text.ti_sysbios_knl_Task_Instance_finalize</name>
         <load_address>0x2c1c</load_address>
         <run_address>0x2c1c</run_address>
         <size>0xb8</size>
         <input_file_ref idref="fl-4"/>
      </object_component>
      <object_component id="oc-2ec">
         <name>.text.NOROM_OSCHF_AttemptToSwitchToXosc</name>
         <load_address>0x2cd4</load_address>
         <run_address>0x2cd4</run_address>
         <size>0xb4</size>
         <input_file_ref idref="fl-37"/>
      </object_component>
      <object_component id="oc-1f3">
         <name>.text.PowerCC26XX_standbyPolicy</name>
         <load_address>0x2d88</load_address>
         <run_address>0x2d88</run_address>
         <size>0xb4</size>
         <input_file_ref idref="fl-4"/>
      </object_component>
      <object_component id="oc-292">
         <name>.text.Power_releaseDependency</name>
         <load_address>0x2e3c</load_address>
         <run_address>0x2e3c</run_address>
         <size>0xb4</size>
         <input_file_ref idref="fl-21"/>
      </object_component>
      <object_component id="oc-ec">
         <name>.text.ti_sysbios_knl_Task_setPri</name>
         <load_address>0x2ef0</load_address>
         <run_address>0x2ef0</run_address>
         <size>0xb4</size>
         <input_file_ref idref="fl-4"/>
      </object_component>
      <object_component id="oc-168">
         <name>.text.Power_setDependency</name>
         <load_address>0x2fa4</load_address>
         <run_address>0x2fa4</run_address>
         <size>0xb0</size>
         <input_file_ref idref="fl-21"/>
      </object_component>
      <object_component id="oc-273">
         <name>.text</name>
         <load_address>0x3054</load_address>
         <run_address>0x3054</run_address>
         <size>0xb0</size>
         <input_file_ref idref="fl-b5"/>
      </object_component>
      <object_component id="oc-22e">
         <name>.text.GPTimerCC26XX_open</name>
         <load_address>0x3104</load_address>
         <run_address>0x3104</run_address>
         <size>0xa8</size>
         <input_file_ref idref="fl-2e"/>
      </object_component>
      <object_component id="oc-21f">
         <name>.text.ti_sysbios_knl_Task_Instance_init</name>
         <load_address>0x31ac</load_address>
         <run_address>0x31ac</run_address>
         <size>0xa4</size>
         <input_file_ref idref="fl-4"/>
      </object_component>
      <object_component id="oc-1a8">
         <name>.text.I2CCC26XX_swiFxn</name>
         <load_address>0x3250</load_address>
         <run_address>0x3250</run_address>
         <size>0xa0</size>
         <input_file_ref idref="fl-20"/>
      </object_component>
      <object_component id="oc-2a2">
         <name>.text.DisplayUart2Ansi_clearLines</name>
         <load_address>0x32f0</load_address>
         <run_address>0x32f0</run_address>
         <size>0x9c</size>
         <input_file_ref idref="fl-1c"/>
      </object_component>
      <object_component id="oc-33d">
         <name>.text.UART2_writeCancel</name>
         <load_address>0x338c</load_address>
         <run_address>0x338c</run_address>
         <size>0x9a</size>
         <input_file_ref idref="fl-26"/>
      </object_component>
      <object_component id="oc-29b">
         <name>.text.DisplayUart2Ansi_init</name>
         <load_address>0x3426</load_address>
         <run_address>0x3426</run_address>
         <size>0x2</size>
         <input_file_ref idref="fl-1c"/>
      </object_component>
      <object_component id="oc-2b3">
         <name>.text.GPTimerCC26XX_close</name>
         <load_address>0x3428</load_address>
         <run_address>0x3428</run_address>
         <size>0x98</size>
         <input_file_ref idref="fl-2e"/>
      </object_component>
      <object_component id="oc-307">
         <name>.text.UART2_close</name>
         <load_address>0x34c0</load_address>
         <run_address>0x34c0</run_address>
         <size>0x98</size>
         <input_file_ref idref="fl-27"/>
      </object_component>
      <object_component id="oc-1b0">
         <name>.text.ti_sysbios_knl_Clock_startI</name>
         <load_address>0x3558</load_address>
         <run_address>0x3558</run_address>
         <size>0x94</size>
         <input_file_ref idref="fl-4"/>
      </object_component>
      <object_component id="oc-2a3">
         <name>.text.DisplayUart2Ansi_vprintf</name>
         <load_address>0x35ec</load_address>
         <run_address>0x35ec</run_address>
         <size>0x90</size>
         <input_file_ref idref="fl-1c"/>
      </object_component>
      <object_component id="oc-179">
         <name>.text.GPIO_setConfig</name>
         <load_address>0x367c</load_address>
         <run_address>0x367c</run_address>
         <size>0x8c</size>
         <input_file_ref idref="fl-1e"/>
      </object_component>
      <object_component id="oc-144">
         <name>.text.ti_sysbios_knl_Clock_init</name>
         <load_address>0x3708</load_address>
         <run_address>0x3708</run_address>
         <size>0x8c</size>
         <input_file_ref idref="fl-4"/>
      </object_component>
      <object_component id="oc-346">
         <name>.text.NOROM_SysCtrlSetRechargeBeforePowerDown</name>
         <load_address>0x3794</load_address>
         <run_address>0x3794</run_address>
         <size>0x80</size>
         <input_file_ref idref="fl-35"/>
      </object_component>
      <object_component id="oc-35a">
         <name>.text.UART2Support_dmaStopTx</name>
         <load_address>0x3814</load_address>
         <run_address>0x3814</run_address>
         <size>0x80</size>
         <input_file_ref idref="fl-27"/>
      </object_component>
      <object_component id="oc-141">
         <name>.text.ti_sysbios_family_arm_m3_Hwi_initNVIC</name>
         <load_address>0x3894</load_address>
         <run_address>0x3894</run_address>
         <size>0x80</size>
         <input_file_ref idref="fl-4"/>
      </object_component>
      <object_component id="oc-319">
         <name>.text.ti_sysbios_family_arm_m3_Hwi_postInit</name>
         <load_address>0x3914</load_address>
         <run_address>0x3914</run_address>
         <size>0x7c</size>
         <input_file_ref idref="fl-4"/>
      </object_component>
      <object_component id="oc-2df">
         <name>.text.NOROM_OSCHF_SwitchToRcOscTurnOffXosc</name>
         <load_address>0x3990</load_address>
         <run_address>0x3990</run_address>
         <size>0x78</size>
         <input_file_ref idref="fl-37"/>
      </object_component>
      <object_component id="oc-cc">
         <name>.text.NOROM_OSC_CapArrayAdjustWorkaround_Boot</name>
         <load_address>0x3a08</load_address>
         <run_address>0x3a08</run_address>
         <size>0x78</size>
         <input_file_ref idref="fl-37"/>
      </object_component>
      <object_component id="oc-222">
         <name>.text._pthread_removeThreadKeys</name>
         <load_address>0x3a80</load_address>
         <run_address>0x3a80</run_address>
         <size>0x78</size>
         <input_file_ref idref="fl-4"/>
      </object_component>
      <object_component id="oc-297">
         <name>.text.ti_sysbios_knl_Task_postInit</name>
         <load_address>0x3af8</load_address>
         <run_address>0x3af8</run_address>
         <size>0x78</size>
         <input_file_ref idref="fl-4"/>
      </object_component>
      <object_component id="oc-1fd">
         <name>.text.PowerCC26X2_updateSubSecInc</name>
         <load_address>0x3b70</load_address>
         <run_address>0x3b70</run_address>
         <size>0x74</size>
         <input_file_ref idref="fl-29"/>
      </object_component>
      <object_component id="oc-c0">
         <name>.text.ti_sysbios_knl_Swi_restoreHwi</name>
         <load_address>0x3be4</load_address>
         <run_address>0x3be4</run_address>
         <size>0x74</size>
         <input_file_ref idref="fl-4"/>
      </object_component>
      <object_component id="oc-2de">
         <name>.text.ti_sysbios_family_arm_m3_Hwi_Instance_init</name>
         <load_address>0x3c58</load_address>
         <run_address>0x3c58</run_address>
         <size>0x70</size>
         <input_file_ref idref="fl-4"/>
      </object_component>
      <object_component id="oc-1ce">
         <name>.text.ti_sysbios_knl_Task_startup</name>
         <load_address>0x3cc8</load_address>
         <run_address>0x3cc8</run_address>
         <size>0x70</size>
         <input_file_ref idref="fl-4"/>
      </object_component>
      <object_component id="oc-376">
         <name>.text.ti_sysbios_runtime_System_formatNum</name>
         <load_address>0x3d38</load_address>
         <run_address>0x3d38</run_address>
         <size>0x70</size>
         <input_file_ref idref="fl-4"/>
      </object_component>
      <object_component id="oc-390">
         <name>.text.__gedf2</name>
         <load_address>0x3da8</load_address>
         <run_address>0x3da8</run_address>
         <size>0x6e</size>
         <input_file_ref idref="fl-b6"/>
      </object_component>
      <object_component id="oc-fb">
         <name>.text.I2C_init</name>
         <load_address>0x3e16</load_address>
         <run_address>0x3e16</run_address>
         <size>0x2</size>
         <input_file_ref idref="fl-1f"/>
      </object_component>
      <object_component id="oc-38a">
         <name>.text.__ledf2</name>
         <load_address>0x3e18</load_address>
         <run_address>0x3e18</run_address>
         <size>0x6e</size>
         <input_file_ref idref="fl-b6"/>
      </object_component>
      <object_component id="oc-f0">
         <name>.text.Timer_init</name>
         <load_address>0x3e86</load_address>
         <run_address>0x3e86</run_address>
         <size>0x2</size>
         <input_file_ref idref="fl-24"/>
      </object_component>
      <object_component id="oc-8f">
         <name>.text.ti_sysbios_family_arm_m3_Hwi_dispatchC</name>
         <load_address>0x3e88</load_address>
         <run_address>0x3e88</run_address>
         <size>0x6c</size>
         <input_file_ref idref="fl-4"/>
      </object_component>
      <object_component id="oc-24a">
         <name>.text.I2CSupport_primeTransfer</name>
         <load_address>0x3ef4</load_address>
         <run_address>0x3ef4</run_address>
         <size>0x6a</size>
         <input_file_ref idref="fl-20"/>
      </object_component>
      <object_component id="oc-2c">
         <name>.text:decompress:lzss</name>
         <load_address>0x3f5e</load_address>
         <run_address>0x3f5e</run_address>
         <size>0x6a</size>
         <input_file_ref idref="fl-51"/>
      </object_component>
      <object_component id="oc-358">
         <name>.text.UART2Support_dmaStopRx</name>
         <load_address>0x3fc8</load_address>
         <run_address>0x3fc8</run_address>
         <size>0x68</size>
         <input_file_ref idref="fl-27"/>
      </object_component>
      <object_component id="oc-138">
         <name>.text.ti_sysbios_knl_Swi_run</name>
         <load_address>0x4030</load_address>
         <run_address>0x4030</run_address>
         <size>0x68</size>
         <input_file_ref idref="fl-4"/>
      </object_component>
      <object_component id="oc-29f">
         <name>.text.DisplayUart2Ansi_open</name>
         <load_address>0x4098</load_address>
         <run_address>0x4098</run_address>
         <size>0x64</size>
         <input_file_ref idref="fl-1c"/>
      </object_component>
      <object_component id="oc-28a">
         <name>.text.PowerCC26X2_initiateCalibration</name>
         <load_address>0x40fc</load_address>
         <run_address>0x40fc</run_address>
         <size>0x64</size>
         <input_file_ref idref="fl-22"/>
      </object_component>
      <object_component id="oc-32d">
         <name>.text.UDMACC26XX_open</name>
         <load_address>0x4160</load_address>
         <run_address>0x4160</run_address>
         <size>0x64</size>
         <input_file_ref idref="fl-2d"/>
      </object_component>
      <object_component id="oc-162">
         <name>.text.oscillatorISR</name>
         <load_address>0x41c4</load_address>
         <run_address>0x41c4</run_address>
         <size>0x64</size>
         <input_file_ref idref="fl-21"/>
      </object_component>
      <object_component id="oc-147">
         <name>.text.ti_sysbios_knl_Idle_init</name>
         <load_address>0x4228</load_address>
         <run_address>0x4228</run_address>
         <size>0x64</size>
         <input_file_ref idref="fl-4"/>
      </object_component>
      <object_component id="oc-324">
         <name>.text.ti_sysbios_knl_TaskSupport_buildTaskStack</name>
         <load_address>0x428c</load_address>
         <run_address>0x428c</run_address>
         <size>0x64</size>
         <input_file_ref idref="fl-4"/>
      </object_component>
      <object_component id="oc-37d">
         <name>.text</name>
         <load_address>0x42f0</load_address>
         <run_address>0x42f0</run_address>
         <size>0x62</size>
         <input_file_ref idref="fl-b0"/>
      </object_component>
      <object_component id="oc-336">
         <name>.text.UART2CC26X2_eventCallback</name>
         <load_address>0x4352</load_address>
         <run_address>0x4352</run_address>
         <size>0x2</size>
         <input_file_ref idref="fl-27"/>
      </object_component>
      <object_component id="oc-230">
         <name>.text.Timer_setPeriod</name>
         <load_address>0x4354</load_address>
         <run_address>0x4354</run_address>
         <size>0x60</size>
         <input_file_ref idref="fl-24"/>
      </object_component>
      <object_component id="oc-2d1">
         <name>.text.ti_sysbios_heaps_HeapMem_allocUnprotected</name>
         <load_address>0x43b4</load_address>
         <run_address>0x43b4</run_address>
         <size>0x60</size>
         <input_file_ref idref="fl-4"/>
      </object_component>
      <object_component id="oc-278">
         <name>.text.ti_sysbios_knl_Clock_walkQueueDynamic</name>
         <load_address>0x4414</load_address>
         <run_address>0x4414</run_address>
         <size>0x60</size>
         <input_file_ref idref="fl-4"/>
      </object_component>
      <object_component id="oc-223">
         <name>.text.ti_sysbios_knl_Semaphore_post</name>
         <load_address>0x4474</load_address>
         <run_address>0x4474</run_address>
         <size>0x60</size>
         <input_file_ref idref="fl-4"/>
      </object_component>
      <object_component id="oc-2c9">
         <name>.text.ti_sysbios_knl_Swi_schedule</name>
         <load_address>0x44d4</load_address>
         <run_address>0x44d4</run_address>
         <size>0x60</size>
         <input_file_ref idref="fl-4"/>
      </object_component>
      <object_component id="oc-189">
         <name>.text.pthread_exit</name>
         <load_address>0x4534</load_address>
         <run_address>0x4534</run_address>
         <size>0x5c</size>
         <input_file_ref idref="fl-4"/>
      </object_component>
      <object_component id="oc-2b5">
         <name>.text.GPTimerCC26XXHwiFxn</name>
         <load_address>0x4590</load_address>
         <run_address>0x4590</run_address>
         <size>0x58</size>
         <input_file_ref idref="fl-2e"/>
      </object_component>
      <object_component id="oc-84">
         <name>.text.main</name>
         <load_address>0x45e8</load_address>
         <run_address>0x45e8</run_address>
         <size>0x58</size>
         <input_file_ref idref="fl-5"/>
      </object_component>
      <object_component id="oc-2ca">
         <name>.text.ti_sysbios_family_arm_m3_Hwi_initStacks</name>
         <load_address>0x4640</load_address>
         <run_address>0x4640</run_address>
         <size>0x58</size>
         <input_file_ref idref="fl-31"/>
      </object_component>
      <object_component id="oc-33e">
         <name>.text.UART2_readCancel</name>
         <load_address>0x4698</load_address>
         <run_address>0x4698</run_address>
         <size>0x56</size>
         <input_file_ref idref="fl-26"/>
      </object_component>
      <object_component id="oc-2d6">
         <name>.text.__aeabi_ldiv0</name>
         <load_address>0x46ee</load_address>
         <run_address>0x46ee</run_address>
         <size>0x2</size>
         <input_file_ref idref="fl-b8"/>
      </object_component>
      <object_component id="oc-345">
         <name>.text.GPTimerCC26XX_stop</name>
         <load_address>0x46f0</load_address>
         <run_address>0x46f0</run_address>
         <size>0x54</size>
         <input_file_ref idref="fl-2e"/>
      </object_component>
      <object_component id="oc-1a2">
         <name>.text.I2CCC26XX_initHw</name>
         <load_address>0x4744</load_address>
         <run_address>0x4744</run_address>
         <size>0x54</size>
         <input_file_ref idref="fl-20"/>
      </object_component>
      <object_component id="oc-c9">
         <name>.text.NOROM_ChipInfo_GetHwRevision</name>
         <load_address>0x4798</load_address>
         <run_address>0x4798</run_address>
         <size>0x52</size>
         <input_file_ref idref="fl-39"/>
      </object_component>
      <object_component id="oc-266">
         <name>.text._nop</name>
         <load_address>0x47ea</load_address>
         <run_address>0x47ea</run_address>
         <size>0x2</size>
         <input_file_ref idref="fl-49"/>
      </object_component>
      <object_component id="oc-e6">
         <name>.text.Board_shutDownExtFlash</name>
         <load_address>0x47ec</load_address>
         <run_address>0x47ec</run_address>
         <size>0x50</size>
         <input_file_ref idref="fl-3"/>
      </object_component>
      <object_component id="oc-102">
         <name>.text.Display_doOpen</name>
         <load_address>0x483c</load_address>
         <run_address>0x483c</run_address>
         <size>0x50</size>
         <input_file_ref idref="fl-1b"/>
      </object_component>
      <object_component id="oc-2ba">
         <name>.text.GPTimerCC26XX_start</name>
         <load_address>0x488c</load_address>
         <run_address>0x488c</run_address>
         <size>0x50</size>
         <input_file_ref idref="fl-2e"/>
      </object_component>
      <object_component id="oc-2be">
         <name>.text.ti_sysbios_knl_Swi_post</name>
         <load_address>0x48dc</load_address>
         <run_address>0x48dc</run_address>
         <size>0x50</size>
         <input_file_ref idref="fl-4"/>
      </object_component>
      <object_component id="oc-312">
         <name>.text.ti_sysbios_knl_Swi_runLoop</name>
         <load_address>0x492c</load_address>
         <run_address>0x492c</run_address>
         <size>0x50</size>
         <input_file_ref idref="fl-4"/>
      </object_component>
      <object_component id="oc-178">
         <name>.text.Board_sendExtFlashByte</name>
         <load_address>0x497c</load_address>
         <run_address>0x497c</run_address>
         <size>0x4e</size>
         <input_file_ref idref="fl-3"/>
      </object_component>
      <object_component id="oc-2d0">
         <name>.text.ti_sysbios_heaps_HeapMem_freeUnprotected</name>
         <load_address>0x49ca</load_address>
         <run_address>0x49ca</run_address>
         <size>0x4e</size>
         <input_file_ref idref="fl-4"/>
      </object_component>
      <object_component id="oc-134">
         <name>.text.BIOS_startFunc</name>
         <load_address>0x4a18</load_address>
         <run_address>0x4a18</run_address>
         <size>0x4c</size>
         <input_file_ref idref="fl-4"/>
      </object_component>
      <object_component id="oc-233">
         <name>.text.GPTimerCC26XX_registerInterrupt</name>
         <load_address>0x4a64</load_address>
         <run_address>0x4a64</run_address>
         <size>0x4c</size>
         <input_file_ref idref="fl-2e"/>
      </object_component>
      <object_component id="oc-28d">
         <name>.text.NOROM_OSC_HPOSCRelativeFrequencyOffsetGet</name>
         <load_address>0x4ab0</load_address>
         <run_address>0x4ab0</run_address>
         <size>0x4c</size>
         <input_file_ref idref="fl-37"/>
      </object_component>
      <object_component id="oc-1f6">
         <name>.text.switchXOSCHF</name>
         <load_address>0x4afc</load_address>
         <run_address>0x4afc</run_address>
         <size>0x4c</size>
         <input_file_ref idref="fl-21"/>
      </object_component>
      <object_component id="oc-1dd">
         <name>.text.ti_sysbios_knl_Swi_Instance_init</name>
         <load_address>0x4b48</load_address>
         <run_address>0x4b48</run_address>
         <size>0x4c</size>
         <input_file_ref idref="fl-4"/>
      </object_component>
      <object_component id="oc-143">
         <name>.text.BIOS_init</name>
         <load_address>0x4b94</load_address>
         <run_address>0x4b94</run_address>
         <size>0x48</size>
         <input_file_ref idref="fl-4"/>
      </object_component>
      <object_component id="oc-d2">
         <name>.text.NOROM_AUXSYSIFOpModeChange</name>
         <load_address>0x4bdc</load_address>
         <run_address>0x4bdc</run_address>
         <size>0x48</size>
         <input_file_ref idref="fl-34"/>
      </object_component>
      <object_component id="oc-2d3">
         <name>.text.ti_sysbios_family_arm_cc26xx_Timer_start</name>
         <load_address>0x4c24</load_address>
         <run_address>0x4c24</run_address>
         <size>0x48</size>
         <input_file_ref idref="fl-4"/>
      </object_component>
      <object_component id="oc-26a">
         <name>.text.ti_sysbios_heaps_HeapMem_Instance_init</name>
         <load_address>0x4c6c</load_address>
         <run_address>0x4c6c</run_address>
         <size>0x48</size>
         <input_file_ref idref="fl-4"/>
      </object_component>
      <object_component id="oc-26f">
         <name>.text.ti_sysbios_heaps_HeapMem_alloc</name>
         <load_address>0x4cb4</load_address>
         <run_address>0x4cb4</run_address>
         <size>0x48</size>
         <input_file_ref idref="fl-4"/>
      </object_component>
      <object_component id="oc-139">
         <name>.text.ti_sysbios_knl_Task_schedule</name>
         <load_address>0x4cfc</load_address>
         <run_address>0x4cfc</run_address>
         <size>0x48</size>
         <input_file_ref idref="fl-4"/>
      </object_component>
      <object_component id="oc-d6">
         <name>.text.ti_sysbios_runtime_Startup_exec</name>
         <load_address>0x4d44</load_address>
         <run_address>0x4d44</run_address>
         <size>0x48</size>
         <input_file_ref idref="fl-4"/>
      </object_component>
      <object_component id="oc-381">
         <name>.text</name>
         <load_address>0x4d8c</load_address>
         <run_address>0x4d8c</run_address>
         <size>0x48</size>
         <input_file_ref idref="fl-ad"/>
      </object_component>
      <object_component id="oc-36b">
         <name>.text.RingBuf_put</name>
         <load_address>0x4dd4</load_address>
         <run_address>0x4dd4</run_address>
         <size>0x46</size>
         <input_file_ref idref="fl-2c"/>
      </object_component>
      <object_component id="oc-15b">
         <name>.text.emptyClockFunc</name>
         <load_address>0x4e1a</load_address>
         <run_address>0x4e1a</run_address>
         <size>0x2</size>
         <input_file_ref idref="fl-21"/>
      </object_component>
      <object_component id="oc-1d0">
         <name>.text.BIOS_atExitFunc</name>
         <load_address>0x4e1c</load_address>
         <run_address>0x4e1c</run_address>
         <size>0x44</size>
         <input_file_ref idref="fl-4"/>
      </object_component>
      <object_component id="oc-171">
         <name>.text.GPIO_hwiIntFxn</name>
         <load_address>0x4e60</load_address>
         <run_address>0x4e60</run_address>
         <size>0x44</size>
         <input_file_ref idref="fl-28"/>
      </object_component>
      <object_component id="oc-2ee">
         <name>.text.NOROM_PRCMPowerDomainsAllOff</name>
         <load_address>0x4ea4</load_address>
         <run_address>0x4ea4</run_address>
         <size>0x44</size>
         <input_file_ref idref="fl-38"/>
      </object_component>
      <object_component id="oc-20b">
         <name>.text.NOROM_PRCMPowerDomainsAllOn</name>
         <load_address>0x4ee8</load_address>
         <run_address>0x4ee8</run_address>
         <size>0x44</size>
         <input_file_ref idref="fl-38"/>
      </object_component>
      <object_component id="oc-19a">
         <name>.text.Timer_start</name>
         <load_address>0x4f2c</load_address>
         <run_address>0x4f2c</run_address>
         <size>0x44</size>
         <input_file_ref idref="fl-24"/>
      </object_component>
      <object_component id="oc-366">
         <name>.text.ti_sysbios_family_arm_m3_Hwi_Instance_finalize</name>
         <load_address>0x4f70</load_address>
         <run_address>0x4f70</run_address>
         <size>0x44</size>
         <input_file_ref idref="fl-4"/>
      </object_component>
      <object_component id="oc-1ee">
         <name>.text.ti_sysbios_family_arm_m3_Hwi_construct2</name>
         <load_address>0x4fb4</load_address>
         <run_address>0x4fb4</run_address>
         <size>0x44</size>
         <input_file_ref idref="fl-4"/>
      </object_component>
      <object_component id="oc-2bf">
         <name>.text.ti_sysbios_family_arm_m3_Hwi_disableInterrupt</name>
         <load_address>0x4ff8</load_address>
         <run_address>0x4ff8</run_address>
         <size>0x44</size>
         <input_file_ref idref="fl-4"/>
      </object_component>
      <object_component id="oc-2c0">
         <name>.text.ti_sysbios_family_arm_m3_Hwi_enableInterrupt</name>
         <load_address>0x503c</load_address>
         <run_address>0x503c</run_address>
         <size>0x44</size>
         <input_file_ref idref="fl-4"/>
      </object_component>
      <object_component id="oc-264">
         <name>.text.ti_sysbios_knl_Swi_restore</name>
         <load_address>0x5080</load_address>
         <run_address>0x5080</run_address>
         <size>0x44</size>
         <input_file_ref idref="fl-4"/>
      </object_component>
      <object_component id="oc-385">
         <name>.text</name>
         <load_address>0x50c4</load_address>
         <run_address>0x50c4</run_address>
         <size>0x44</size>
         <input_file_ref idref="fl-ae"/>
      </object_component>
      <object_component id="oc-15c">
         <name>.text.PowerCC26X2_RCOSC_clockFunc</name>
         <load_address>0x5108</load_address>
         <run_address>0x5108</run_address>
         <size>0x40</size>
         <input_file_ref idref="fl-22"/>
      </object_component>
      <object_component id="oc-291">
         <name>.text.PowerCC26X2_setAclkRefSrc</name>
         <load_address>0x5148</load_address>
         <run_address>0x5148</run_address>
         <size>0x40</size>
         <input_file_ref idref="fl-29"/>
      </object_component>
      <object_component id="oc-2b9">
         <name>.text.Timer_stop</name>
         <load_address>0x5188</load_address>
         <run_address>0x5188</run_address>
         <size>0x40</size>
         <input_file_ref idref="fl-24"/>
      </object_component>
      <object_component id="oc-26c">
         <name>.text.ti_sysbios_heaps_HeapMem_getStats</name>
         <load_address>0x51c8</load_address>
         <run_address>0x51c8</run_address>
         <size>0x40</size>
         <input_file_ref idref="fl-4"/>
      </object_component>
      <object_component id="oc-285">
         <name>.text.ti_sysbios_knl_Clock_getTicksUntilInterrupt</name>
         <load_address>0x5208</load_address>
         <run_address>0x5208</run_address>
         <size>0x40</size>
         <input_file_ref idref="fl-4"/>
      </object_component>
      <object_component id="oc-2f2">
         <name>.text.ti_sysbios_knl_Task_exit</name>
         <load_address>0x5248</load_address>
         <run_address>0x5248</run_address>
         <size>0x40</size>
         <input_file_ref idref="fl-4"/>
      </object_component>
      <object_component id="oc-17b">
         <name>.text.GPIO_resetConfig</name>
         <load_address>0x5288</load_address>
         <run_address>0x5288</run_address>
         <size>0x3c</size>
         <input_file_ref idref="fl-1d"/>
      </object_component>
      <object_component id="oc-155">
         <name>.text.HwiP_construct</name>
         <load_address>0x52c4</load_address>
         <run_address>0x52c4</run_address>
         <size>0x3c</size>
         <input_file_ref idref="fl-4"/>
      </object_component>
      <object_component id="oc-2e5">
         <name>.text.NOROM_SysCtrlIdle</name>
         <load_address>0x5300</load_address>
         <run_address>0x5300</run_address>
         <size>0x3c</size>
         <input_file_ref idref="fl-35"/>
      </object_component>
      <object_component id="oc-290">
         <name>.text.PowerCC26X2_setTdcClkSrc24M</name>
         <load_address>0x533c</load_address>
         <run_address>0x533c</run_address>
         <size>0x3c</size>
         <input_file_ref idref="fl-29"/>
      </object_component>
      <object_component id="oc-2d4">
         <name>.text.ti_sysbios_family_arm_cc26xx_Timer_periodicStub</name>
         <load_address>0x5378</load_address>
         <run_address>0x5378</run_address>
         <size>0x3c</size>
         <input_file_ref idref="fl-4"/>
      </object_component>
      <object_component id="oc-314">
         <name>.text.ti_sysbios_family_arm_cc26xx_Timer_setThreshold</name>
         <load_address>0x53b4</load_address>
         <run_address>0x53b4</run_address>
         <size>0x3c</size>
         <input_file_ref idref="fl-4"/>
      </object_component>
      <object_component id="oc-1db">
         <name>.text.ti_sysbios_heaps_HeapMem_construct</name>
         <load_address>0x53f0</load_address>
         <run_address>0x53f0</run_address>
         <size>0x3c</size>
         <input_file_ref idref="fl-4"/>
      </object_component>
      <object_component id="oc-1de">
         <name>.text.ti_sysbios_knl_ClockSupport_init</name>
         <load_address>0x542c</load_address>
         <run_address>0x542c</run_address>
         <size>0x3c</size>
         <input_file_ref idref="fl-4"/>
      </object_component>
      <object_component id="oc-1af">
         <name>.text.ti_sysbios_knl_Task_blockI</name>
         <load_address>0x5468</load_address>
         <run_address>0x5468</run_address>
         <size>0x3c</size>
         <input_file_ref idref="fl-4"/>
      </object_component>
      <object_component id="oc-eb">
         <name>.text.ti_sysbios_knl_Task_create</name>
         <load_address>0x54a4</load_address>
         <run_address>0x54a4</run_address>
         <size>0x3c</size>
         <input_file_ref idref="fl-4"/>
      </object_component>
      <object_component id="oc-186">
         <name>.text.ti_sysbios_knl_Task_restore</name>
         <load_address>0x54e0</load_address>
         <run_address>0x54e0</run_address>
         <size>0x3c</size>
         <input_file_ref idref="fl-4"/>
      </object_component>
      <object_component id="oc-e9">
         <name>.text.ti_sysbios_runtime_Memory_alloc</name>
         <load_address>0x551c</load_address>
         <run_address>0x551c</run_address>
         <size>0x3c</size>
         <input_file_ref idref="fl-4"/>
      </object_component>
      <object_component id="oc-2b1">
         <name>.text.GPTimerCC26XX_unregisterInterrupt</name>
         <load_address>0x5558</load_address>
         <run_address>0x5558</run_address>
         <size>0x38</size>
         <input_file_ref idref="fl-2e"/>
      </object_component>
      <object_component id="oc-157">
         <name>.text.PowerCC26X2_oscDisableQualifiers</name>
         <load_address>0x5590</load_address>
         <run_address>0x5590</run_address>
         <size>0x38</size>
         <input_file_ref idref="fl-2a"/>
      </object_component>
      <object_component id="oc-36c">
         <name>.text.RingBuf_putAdvance</name>
         <load_address>0x55c8</load_address>
         <run_address>0x55c8</run_address>
         <size>0x38</size>
         <input_file_ref idref="fl-2c"/>
      </object_component>
      <object_component id="oc-340">
         <name>.text.UDMACC26XX_close</name>
         <load_address>0x5600</load_address>
         <run_address>0x5600</run_address>
         <size>0x38</size>
         <input_file_ref idref="fl-2d"/>
      </object_component>
      <object_component id="oc-299">
         <name>.text.ti_sysbios_knl_Task_processVitalTaskFlag</name>
         <load_address>0x5638</load_address>
         <run_address>0x5638</run_address>
         <size>0x38</size>
         <input_file_ref idref="fl-4"/>
      </object_component>
      <object_component id="oc-77">
         <name>.text:__TI_auto_init_nobinit_nopinit</name>
         <load_address>0x5670</load_address>
         <run_address>0x5670</run_address>
         <size>0x38</size>
         <input_file_ref idref="fl-4d"/>
      </object_component>
      <object_component id="oc-379">
         <name>.text</name>
         <load_address>0x56a8</load_address>
         <run_address>0x56a8</run_address>
         <size>0x38</size>
         <input_file_ref idref="fl-ac"/>
      </object_component>
      <object_component id="oc-343">
         <name>.text.GPTimerCC26XXSetLoadMatch</name>
         <load_address>0x56e0</load_address>
         <run_address>0x56e0</run_address>
         <size>0x34</size>
         <input_file_ref idref="fl-2e"/>
      </object_component>
      <object_component id="oc-1fb">
         <name>.text.Power_releaseConstraint</name>
         <load_address>0x5714</load_address>
         <run_address>0x5714</run_address>
         <size>0x34</size>
         <input_file_ref idref="fl-21"/>
      </object_component>
      <object_component id="oc-1a0">
         <name>.text.SwiP_construct</name>
         <load_address>0x5748</load_address>
         <run_address>0x5748</run_address>
         <size>0x34</size>
         <input_file_ref idref="fl-4"/>
      </object_component>
      <object_component id="oc-375">
         <name>.text.UART2Support_sendData</name>
         <load_address>0x577c</load_address>
         <run_address>0x577c</run_address>
         <size>0x34</size>
         <input_file_ref idref="fl-27"/>
      </object_component>
      <object_component id="oc-33f">
         <name>.text.UART2_rxDisable</name>
         <load_address>0x57b0</load_address>
         <run_address>0x57b0</run_address>
         <size>0x34</size>
         <input_file_ref idref="fl-26"/>
      </object_component>
      <object_component id="oc-317">
         <name>.text._pthread_cleanupFxn</name>
         <load_address>0x57e4</load_address>
         <run_address>0x57e4</run_address>
         <size>0x34</size>
         <input_file_ref idref="fl-4"/>
      </object_component>
      <object_component id="oc-100">
         <name>.text.myTimer_init</name>
         <load_address>0x5818</load_address>
         <run_address>0x5818</run_address>
         <size>0x34</size>
         <input_file_ref idref="fl-1"/>
      </object_component>
      <object_component id="oc-1d9">
         <name>.text.ti_sysbios_family_arm_m3_Hwi_getStackInfo</name>
         <load_address>0x584c</load_address>
         <run_address>0x584c</run_address>
         <size>0x34</size>
         <input_file_ref idref="fl-4"/>
      </object_component>
      <object_component id="oc-148">
         <name>.text.ti_sysbios_family_arm_m3_Hwi_init</name>
         <load_address>0x5880</load_address>
         <run_address>0x5880</run_address>
         <size>0x34</size>
         <input_file_ref idref="fl-4"/>
      </object_component>
      <object_component id="oc-1ec">
         <name>.text.ti_sysbios_knl_Clock_Instance_init</name>
         <load_address>0x58b4</load_address>
         <run_address>0x58b4</run_address>
         <size>0x34</size>
         <input_file_ref idref="fl-4"/>
      </object_component>
      <object_component id="oc-255">
         <name>.text.ti_sysbios_knl_Task_unblockI</name>
         <load_address>0x58e8</load_address>
         <run_address>0x58e8</run_address>
         <size>0x34</size>
         <input_file_ref idref="fl-4"/>
      </object_component>
      <object_component id="oc-181">
         <name>.text.ti_sysbios_runtime_Error_raiseX</name>
         <load_address>0x591c</load_address>
         <run_address>0x591c</run_address>
         <size>0x34</size>
         <input_file_ref idref="fl-4"/>
      </object_component>
      <object_component id="oc-35">
         <name>.text:_c_int00</name>
         <load_address>0x5950</load_address>
         <run_address>0x5950</run_address>
         <size>0x34</size>
         <input_file_ref idref="fl-32"/>
      </object_component>
      <object_component id="oc-1b1">
         <name>.text.ti_sysbios_knl_Semaphore_pendTimeout</name>
         <load_address>0x5984</load_address>
         <run_address>0x5984</run_address>
         <size>0x32</size>
         <input_file_ref idref="fl-4"/>
      </object_component>
      <object_component id="oc-8c">
         <name>.text.ti_sysbios_runtime_System_exitSpin</name>
         <load_address>0x59b6</load_address>
         <run_address>0x59b6</run_address>
         <size>0x2</size>
         <input_file_ref idref="fl-4"/>
      </object_component>
      <object_component id="oc-177">
         <name>.text.Board_wakeUpExtFlash</name>
         <load_address>0x59b8</load_address>
         <run_address>0x59b8</run_address>
         <size>0x30</size>
         <input_file_ref idref="fl-3"/>
      </object_component>
      <object_component id="oc-151">
         <name>.text.ClockP_construct</name>
         <load_address>0x59e8</load_address>
         <run_address>0x59e8</run_address>
         <size>0x30</size>
         <input_file_ref idref="fl-4"/>
      </object_component>
      <object_component id="oc-156">
         <name>.text.Power_setConstraint</name>
         <load_address>0x5a18</load_address>
         <run_address>0x5a18</run_address>
         <size>0x30</size>
         <input_file_ref idref="fl-21"/>
      </object_component>
      <object_component id="oc-231">
         <name>.text.Timer_close</name>
         <load_address>0x5a48</load_address>
         <run_address>0x5a48</run_address>
         <size>0x30</size>
         <input_file_ref idref="fl-25"/>
      </object_component>
      <object_component id="oc-1fc">
         <name>.text.notify</name>
         <load_address>0x5a78</load_address>
         <run_address>0x5a78</run_address>
         <size>0x30</size>
         <input_file_ref idref="fl-21"/>
      </object_component>
      <object_component id="oc-bd">
         <name>.text.ti_sysbios_family_arm_m3_Hwi_excHandlerMin</name>
         <load_address>0x5aa8</load_address>
         <run_address>0x5aa8</run_address>
         <size>0x30</size>
         <input_file_ref idref="fl-4"/>
      </object_component>
      <object_component id="oc-26e">
         <name>.text.ti_sysbios_heaps_HeapMem_free</name>
         <load_address>0x5ad8</load_address>
         <run_address>0x5ad8</run_address>
         <size>0x30</size>
         <input_file_ref idref="fl-4"/>
      </object_component>
      <object_component id="oc-2ef">
         <name>.text.ti_sysbios_knl_TaskSupport_start</name>
         <load_address>0x5b08</load_address>
         <run_address>0x5b08</run_address>
         <size>0x30</size>
         <input_file_ref idref="fl-4"/>
      </object_component>
      <object_component id="oc-1ca">
         <name>.text.ti_sysbios_runtime_System_atexit</name>
         <load_address>0x5b38</load_address>
         <run_address>0x5b38</run_address>
         <size>0x30</size>
         <input_file_ref idref="fl-4"/>
      </object_component>
      <object_component id="oc-8b">
         <name>.text.ti_sysbios_runtime_System_processAtExit</name>
         <load_address>0x5b68</load_address>
         <run_address>0x5b68</run_address>
         <size>0x30</size>
         <input_file_ref idref="fl-4"/>
      </object_component>
      <object_component id="oc-9b">
         <name>.text.NOROM_ThisLibraryIsFor_CC13x2_CC26x2_HwRev20AndLater_HaltIfViolated</name>
         <load_address>0x5b98</load_address>
         <run_address>0x5b98</run_address>
         <size>0x2e</size>
         <input_file_ref idref="fl-39"/>
      </object_component>
      <object_component id="oc-370">
         <name>.text.RingBuf_getConsume</name>
         <load_address>0x5bc6</load_address>
         <run_address>0x5bc6</run_address>
         <size>0x2e</size>
         <input_file_ref idref="fl-2c"/>
      </object_component>
      <object_component id="oc-36e">
         <name>.text.RingBuf_putPointer</name>
         <load_address>0x5bf4</load_address>
         <run_address>0x5bf4</run_address>
         <size>0x2e</size>
         <input_file_ref idref="fl-2c"/>
      </object_component>
      <object_component id="oc-1c6">
         <name>.text</name>
         <load_address>0x5c24</load_address>
         <run_address>0x5c24</run_address>
         <size>0x2e</size>
         <input_file_ref idref="fl-af"/>
      </object_component>
      <object_component id="oc-2a1">
         <name>.text.DisplayUart2Ansi_clear</name>
         <load_address>0x5c54</load_address>
         <run_address>0x5c54</run_address>
         <size>0x2c</size>
         <input_file_ref idref="fl-1c"/>
      </object_component>
      <object_component id="oc-2e0">
         <name>.text.PowerCC26XX_schedulerDisable</name>
         <load_address>0x5c80</load_address>
         <run_address>0x5c80</run_address>
         <size>0x2c</size>
         <input_file_ref idref="fl-4"/>
      </object_component>
      <object_component id="oc-357">
         <name>.text.UART2CC26X2_getRxData</name>
         <load_address>0x5cac</load_address>
         <run_address>0x5cac</run_address>
         <size>0x2c</size>
         <input_file_ref idref="fl-27"/>
      </object_component>
      <object_component id="oc-ed">
         <name>.text._pthread_delete</name>
[...]
         <value>0x69e1</value>
         <object_component_ref idref="oc-2e4"/>
      </symbol>
      <symbol id="sm-594">
         <name>PowerCC26X2_sysCtrlGetResetSource</name>
         <value>0x69ed</value>
         <object_component_ref idref="oc-14b"/>
      </symbol>
      <symbol id="sm-595">
         <name>PowerCC26X2_setSubSecIncToXoscLf</name>
         <value>0x60d1</value>
         <object_component_ref idref="oc-1f9"/>
      </symbol>
      <symbol id="sm-5a1">
         <name>List_put</name>
         <value>0x60ad</value>
         <object_component_ref idref="oc-23f"/>
      </symbol>
      <symbol id="sm-5a2">
         <name>List_remove</name>
         <value>0x5efd</value>
         <object_component_ref idref="oc-365"/>
      </symbol>
      <symbol id="sm-5ba">
         <name>RingBuf_construct</name>
         <value>0x685d</value>
         <object_component_ref idref="oc-328"/>
      </symbol>
      <symbol id="sm-5bb">
         <name>RingBuf_getConsume</name>
         <value>0x5bc7</value>
         <object_component_ref idref="oc-370"/>
      </symbol>
      <symbol id="sm-5bc">
         <name>RingBuf_getCount</name>
         <value>0x6bb7</value>
         <object_component_ref idref="oc-36d"/>
      </symbol>
      <symbol id="sm-5bd">
         <name>RingBuf_getPointer</name>
         <value>0x625d</value>
         <object_component_ref idref="oc-371"/>
      </symbol>
      <symbol id="sm-5be">
         <name>RingBuf_flush</name>
         <value>0x6451</value>
         <object_component_ref idref="oc-362"/>
      </symbol>
      <symbol id="sm-5bf">
         <name>RingBuf_put</name>
         <value>0x4dd5</value>
         <object_component_ref idref="oc-36b"/>
      </symbol>
      <symbol id="sm-5c0">
         <name>RingBuf_putAdvance</name>
         <value>0x55c9</value>
         <object_component_ref idref="oc-36c"/>
      </symbol>
      <symbol id="sm-5c1">
         <name>RingBuf_putPointer</name>
         <value>0x5bf5</value>
         <object_component_ref idref="oc-36e"/>
      </symbol>
      <symbol id="sm-5d0">
         <name>UDMACC26XX_hwiIntFxn</name>
         <value>0x6ae7</value>
         <object_component_ref idref="oc-34c"/>
      </symbol>
      <symbol id="sm-5d1">
         <name>UDMACC26XX_open</name>
         <value>0x4161</value>
         <object_component_ref idref="oc-32d"/>
      </symbol>
      <symbol id="sm-5d2">
         <name>UDMACC26XX_close</name>
         <value>0x5601</value>
         <object_component_ref idref="oc-340"/>
      </symbol>
      <symbol id="sm-609">
         <name>GPTimerCC26XX_Params_init</name>
         <value>0x68dd</value>
         <object_component_ref idref="oc-229"/>
      </symbol>
      <symbol id="sm-60a">
         <name>GPTimerCC26XX_open</name>
         <value>0x3105</value>
         <object_component_ref idref="oc-22e"/>
      </symbol>
      <symbol id="sm-60b">
         <name>GPTimerCC26XX_configureDebugStall</name>
         <value>0x5e85</value>
         <object_component_ref idref="oc-2ac"/>
      </symbol>
      <symbol id="sm-60c">
         <name>GPTimerCC26XX_close</name>
         <value>0x3429</value>
         <object_component_ref idref="oc-2b3"/>
      </symbol>
      <symbol id="sm-60d">
         <name>GPTimerCC26XX_start</name>
         <value>0x488d</value>
         <object_component_ref idref="oc-2ba"/>
      </symbol>
      <symbol id="sm-60e">
         <name>GPTimerCC26XX_stop</name>
         <value>0x46f1</value>
         <object_component_ref idref="oc-345"/>
      </symbol>
      <symbol id="sm-60f">
         <name>GPTimerCC26XX_setLoadValue</name>
         <value>0x6af1</value>
         <object_component_ref idref="oc-30c"/>
      </symbol>
      <symbol id="sm-610">
         <name>GPTimerCC26XX_registerInterrupt</name>
         <value>0x4a65</value>
         <object_component_ref idref="oc-233"/>
      </symbol>
      <symbol id="sm-611">
         <name>GPTimerCC26XX_enableInterrupt</name>
         <value>0x5ead</value>
         <object_component_ref idref="oc-2b4"/>
      </symbol>
      <symbol id="sm-612">
         <name>GPTimerCC26XX_unregisterInterrupt</name>
         <value>0x5559</value>
         <object_component_ref idref="oc-2b1"/>
      </symbol>
      <symbol id="sm-613">
         <name>GPTimerCC26XX_setArg</name>
         <value>0x6b57</value>
         <object_component_ref idref="oc-232"/>
      </symbol>
      <symbol id="sm-614">
         <name>GPTimerCC26XX_getArg</name>
         <value>0x6b51</value>
         <object_component_ref idref="oc-2b8"/>
      </symbol>
      <symbol id="sm-61d">
         <name>ti_sysbios_knl_TaskSupport_swap</name>
         <value>0x5fc5</value>
         <object_component_ref idref="oc-1d4"/>
      </symbol>
      <symbol id="sm-61e">
         <name>ti_sysbios_knl_TaskSupport_glue</name>
         <value>0x65e9</value>
         <object_component_ref idref="oc-347"/>
      </symbol>
      <symbol id="sm-61f">
         <name>ti_sysbios_knl_TaskSupport_swapReturn</name>
         <value>0x5fd0</value>
         <object_component_ref idref="oc-1d4"/>
      </symbol>
      <symbol id="sm-634">
         <name>ti_sysbios_family_arm_m3_Hwi_dispatch</name>
         <value>0x1a5d</value>
         <object_component_ref idref="oc-68"/>
      </symbol>
      <symbol id="sm-635">
         <name>ti_sysbios_family_arm_m3_Hwi_pendSV</name>
         <value>0x1b39</value>
         <object_component_ref idref="oc-68"/>
      </symbol>
      <symbol id="sm-636">
         <name>ti_sysbios_family_arm_m3_Hwi_excHandlerAsm</name>
         <value>0x5f25</value>
         <object_component_ref idref="oc-63"/>
      </symbol>
      <symbol id="sm-637">
         <name>ti_sysbios_family_arm_m3_Hwi_return</name>
         <value>0x1b5c</value>
         <object_component_ref idref="oc-68"/>
      </symbol>
      <symbol id="sm-638">
         <name>ti_sysbios_family_arm_m3_Hwi_interruptsAreDisabledButShouldNotBe</name>
         <value>0x1b34</value>
         <object_component_ref idref="oc-68"/>
      </symbol>
      <symbol id="sm-645">
         <name>ti_sysbios_family_arm_m3_Hwi_switchAndRunFunc</name>
         <value>0x63df</value>
         <object_component_ref idref="oc-311"/>
      </symbol>
      <symbol id="sm-646">
         <name>ti_sysbios_family_arm_m3_Hwi_initStacks</name>
         <value>0x4641</value>
         <object_component_ref idref="oc-2ca"/>
      </symbol>
      <symbol id="sm-64b">
         <name>_c_int00</name>
         <value>0x5951</value>
         <object_component_ref idref="oc-35"/>
      </symbol>
      <symbol id="sm-64c">
         <name>__stack</name>
         <value>0x20013a00</value>
         <object_component_ref idref="oc-3e"/>
      </symbol>
      <symbol id="sm-659">
         <name>NOROM_SetupTrimDevice</name>
         <value>0x2589</value>
         <object_component_ref idref="oc-71"/>
      </symbol>
      <symbol id="sm-665">
         <name>NOROM_AUXSYSIFOpModeChange</name>
         <value>0x4bdd</value>
         <object_component_ref idref="oc-d2"/>
      </symbol>
      <symbol id="sm-673">
         <name>NOROM_SysCtrlIdle</name>
         <value>0x5301</value>
         <object_component_ref idref="oc-2e5"/>
      </symbol>
      <symbol id="sm-674">
         <name>NOROM_SysCtrlStandby</name>
         <value>0x22bd</value>
         <object_component_ref idref="oc-31f"/>
      </symbol>
      <symbol id="sm-675">
         <name>NOROM_SysCtrlSetRechargeBeforePowerDown</name>
         <value>0x3795</value>
         <object_component_ref idref="oc-346"/>
      </symbol>
      <symbol id="sm-683">
         <name>NOROM_CPUcpsid</name>
         <value>0x698d</value>
         <object_component_ref idref="oc-282"/>
      </symbol>
      <symbol id="sm-684">
         <name>NOROM_CPUcpsie</name>
         <value>0x6999</value>
         <object_component_ref idref="oc-289"/>
      </symbol>
      <symbol id="sm-685">
         <name>NOROM_CPUdelay</name>
         <value>0x6b09</value>
         <object_component_ref idref="oc-217"/>
      </symbol>
      <symbol id="sm-69f">
         <name>NOROM_OSCHF_TurnOnXosc</name>
         <value>0x5d89</value>
         <object_component_ref idref="oc-28b"/>
      </symbol>
      <symbol id="sm-6a0">
         <name>NOROM_OSCHF_AttemptToSwitchToXosc</name>
         <value>0x2cd5</value>
         <object_component_ref idref="oc-2ec"/>
      </symbol>
      <symbol id="sm-6a1">
         <name>NOROM_OSCHF_SwitchToRcOscTurnOffXosc</name>
         <value>0x3991</value>
         <object_component_ref idref="oc-2df"/>
      </symbol>
      <symbol id="sm-6a2">
         <name>NOROM_OSC_CapArrayAdjustWorkaround_Boot</name>
         <value>0x3a09</value>
         <object_component_ref idref="oc-cc"/>
      </symbol>
      <symbol id="sm-6a3">
         <name>_hposcCoeffs</name>
         <value>0x20001284</value>
         <object_component_ref idref="oc-2ed"/>
      </symbol>
      <symbol id="sm-6a4">
         <name>NOROM_OSC_HPOSCRelativeFrequencyOffsetGet</name>
         <value>0x4ab1</value>
         <object_component_ref idref="oc-28d"/>
      </symbol>
      <symbol id="sm-6b0">
         <name>NOROM_PRCMPowerDomainsAllOff</name>
         <value>0x4ea5</value>
         <object_component_ref idref="oc-2ee"/>
      </symbol>
      <symbol id="sm-6b1">
         <name>NOROM_PRCMPowerDomainsAllOn</name>
         <value>0x4ee9</value>
         <object_component_ref idref="oc-20b"/>
      </symbol>
      <symbol id="sm-6bd">
         <name>NOROM_ChipInfo_GetHwRevision</name>
         <value>0x4799</value>
         <object_component_ref idref="oc-c9"/>
      </symbol>
      <symbol id="sm-6be">
         <name>NOROM_ThisLibraryIsFor_CC13x2_CC26x2_HwRev20AndLater_HaltIfViolated</name>
         <value>0x5b99</value>
         <object_component_ref idref="oc-9b"/>
      </symbol>
      <symbol id="sm-6db">
         <name>acos</name>
         <value>0x41</value>
         <object_component_ref idref="oc-120"/>
      </symbol>
      <symbol id="sm-6dc">
         <name>acosl</name>
         <value>0x41</value>
         <object_component_ref idref="oc-120"/>
      </symbol>
      <symbol id="sm-6e6">
         <name>sqrt</name>
         <value>0x11a1</value>
         <object_component_ref idref="oc-118"/>
      </symbol>
      <symbol id="sm-6e7">
         <name>sqrtl</name>
         <value>0x11a1</value>
         <object_component_ref idref="oc-118"/>
      </symbol>
      <symbol id="sm-6f2">
         <name>__aeabi_errno_addr</name>
         <value>0x6b29</value>
         <object_component_ref idref="oc-1b5"/>
      </symbol>
      <symbol id="sm-6f3">
         <name>__aeabi_errno</name>
         <value>0x200012b4</value>
         <object_component_ref idref="oc-256"/>
      </symbol>
      <symbol id="sm-703">
         <name>_nop</name>
         <value>0x47eb</value>
         <object_component_ref idref="oc-266"/>
      </symbol>
      <symbol id="sm-704">
         <name>_register_lock</name>
         <value>0x6a4d</value>
         <object_component_ref idref="oc-25c"/>
      </symbol>
      <symbol id="sm-705">
         <name>_lock</name>
         <value>0x200012b8</value>
         <object_component_ref idref="oc-2c3"/>
      </symbol>
      <symbol id="sm-706">
         <name>_register_unlock</name>
         <value>0x6a59</value>
         <object_component_ref idref="oc-261"/>
      </symbol>
      <symbol id="sm-707">
         <name>_unlock</name>
         <value>0x200012bc</value>
         <object_component_ref idref="oc-2c6"/>
      </symbol>
      <symbol id="sm-711">
         <name>_args_main</name>
         <value>0x6721</value>
         <object_component_ref idref="oc-59"/>
      </symbol>
      <symbol id="sm-71e">
         <name>__TI_auto_init_nobinit_nopinit</name>
         <value>0x5671</value>
         <object_component_ref idref="oc-77"/>
      </symbol>
      <symbol id="sm-729">
         <name>__TI_zero_init</name>
         <value>0x68cd</value>
         <object_component_ref idref="oc-56"/>
      </symbol>
      <symbol id="sm-732">
         <name>__TI_decompress_none</name>
         <value>0x694d</value>
         <object_component_ref idref="oc-30"/>
      </symbol>
      <symbol id="sm-73c">
         <name>__TI_decompress_lzss</name>
         <value>0x3f5f</value>
         <object_component_ref idref="oc-2c"/>
      </symbol>
      <symbol id="sm-760">
         <name>__aeabi_dadd</name>
         <value>0xb6f</value>
         <object_component_ref idref="oc-110"/>
      </symbol>
      <symbol id="sm-761">
         <name>__adddf3</name>
         <value>0xb6f</value>
         <object_component_ref idref="oc-110"/>
      </symbol>
      <symbol id="sm-762">
         <name>__aeabi_dsub</name>
         <value>0xb65</value>
         <object_component_ref idref="oc-110"/>
      </symbol>
      <symbol id="sm-763">
         <name>__subdf3</name>
         <value>0xb65</value>
         <object_component_ref idref="oc-110"/>
      </symbol>
      <symbol id="sm-769">
         <name>__aeabi_dmul</name>
         <value>0x21c1</value>
         <object_component_ref idref="oc-114"/>
      </symbol>
      <symbol id="sm-76a">
         <name>__muldf3</name>
         <value>0x21c1</value>
         <object_component_ref idref="oc-114"/>
      </symbol>
      <symbol id="sm-770">
         <name>__aeabi_ddiv</name>
         <value>0x16e1</value>
         <object_component_ref idref="oc-11c"/>
      </symbol>
      <symbol id="sm-771">
         <name>__divdf3</name>
         <value>0x16e1</value>
         <object_component_ref idref="oc-11c"/>
      </symbol>
      <symbol id="sm-777">
         <name>__aeabi_f2d</name>
         <value>0x56a9</value>
         <object_component_ref idref="oc-379"/>
      </symbol>
      <symbol id="sm-778">
         <name>__extendsfdf2</name>
         <value>0x56a9</value>
         <object_component_ref idref="oc-379"/>
      </symbol>
      <symbol id="sm-77e">
         <name>__aeabi_d2iz</name>
         <value>0x4d8d</value>
         <object_component_ref idref="oc-381"/>
      </symbol>
      <symbol id="sm-77f">
         <name>__fixdfsi</name>
         <value>0x4d8d</value>
         <object_component_ref idref="oc-381"/>
      </symbol>
      <symbol id="sm-785">
         <name>__aeabi_d2uiz</name>
         <value>0x50c5</value>
         <object_component_ref idref="oc-385"/>
      </symbol>
      <symbol id="sm-786">
         <name>__fixunsdfsi</name>
         <value>0x50c5</value>
         <object_component_ref idref="oc-385"/>
      </symbol>
      <symbol id="sm-78c">
         <name>__aeabi_i2d</name>
         <value>0x5c25</value>
         <object_component_ref idref="oc-1c6"/>
      </symbol>
      <symbol id="sm-78d">
         <name>__floatsidf</name>
         <value>0x5c25</value>
         <object_component_ref idref="oc-1c6"/>
      </symbol>
      <symbol id="sm-793">
         <name>__aeabi_dcmpeq</name>
         <value>0x42f1</value>
         <object_component_ref idref="oc-37d"/>
      </symbol>
      <symbol id="sm-794">
         <name>__aeabi_dcmplt</name>
         <value>0x4305</value>
         <object_component_ref idref="oc-37d"/>
      </symbol>
      <symbol id="sm-795">
         <name>__aeabi_dcmple</name>
         <value>0x4319</value>
         <object_component_ref idref="oc-37d"/>
      </symbol>
      <symbol id="sm-796">
         <name>__aeabi_dcmpge</name>
         <value>0x432d</value>
         <object_component_ref idref="oc-37d"/>
      </symbol>
      <symbol id="sm-797">
         <name>__aeabi_dcmpgt</name>
         <value>0x4341</value>
         <object_component_ref idref="oc-37d"/>
      </symbol>
      <symbol id="sm-79d">
         <name>__aeabi_memcpy</name>
         <value>0x6be1</value>
         <object_component_ref idref="oc-49"/>
      </symbol>
      <symbol id="sm-79e">
         <name>__aeabi_memcpy4</name>
         <value>0x6be1</value>
         <object_component_ref idref="oc-49"/>
      </symbol>
      <symbol id="sm-79f">
         <name>__aeabi_memcpy8</name>
         <value>0x6be1</value>
         <object_component_ref idref="oc-49"/>
      </symbol>
      <symbol id="sm-7a5">
         <name>__aeabi_memset</name>
         <value>0x675d</value>
         <object_component_ref idref="oc-6d"/>
      </symbol>
      <symbol id="sm-7a6">
         <name>__aeabi_memset4</name>
         <value>0x675d</value>
         <object_component_ref idref="oc-6d"/>
      </symbol>
      <symbol id="sm-7a7">
         <name>__aeabi_memset8</name>
         <value>0x675d</value>
         <object_component_ref idref="oc-6d"/>
      </symbol>
      <symbol id="sm-7a8">
         <name>__aeabi_memclr</name>
         <value>0x6769</value>
         <object_component_ref idref="oc-6d"/>
      </symbol>
      <symbol id="sm-7a9">
         <name>__aeabi_memclr4</name>
         <value>0x6769</value>
         <object_component_ref idref="oc-6d"/>
      </symbol>
      <symbol id="sm-7aa">
         <name>__aeabi_memclr8</name>
         <value>0x6769</value>
         <object_component_ref idref="oc-6d"/>
      </symbol>
      <symbol id="sm-7b0">
         <name>__aeabi_uldivmod</name>
         <value>0x6771</value>
         <object_component_ref idref="oc-1df"/>
      </symbol>
      <symbol id="sm-7b6">
         <name>__udivmoddi4</name>
         <value>0x3055</value>
         <object_component_ref idref="oc-273"/>
      </symbol>
      <symbol id="sm-7c2">
         <name>__ledf2</name>
         <value>0x3e19</value>
         <object_component_ref idref="oc-38a"/>
      </symbol>
      <symbol id="sm-7c3">
         <name>__gedf2</name>
         <value>0x3da9</value>
         <object_component_ref idref="oc-390"/>
      </symbol>
      <symbol id="sm-7c4">
         <name>__cmpdf2</name>
         <value>0x3e19</value>
         <object_component_ref idref="oc-38a"/>
      </symbol>
      <symbol id="sm-7c5">
         <name>__eqdf2</name>
         <value>0x3e19</value>
         <object_component_ref idref="oc-38a"/>
      </symbol>
      <symbol id="sm-7c6">
         <name>__ltdf2</name>
         <value>0x3e19</value>
         <object_component_ref idref="oc-38a"/>
      </symbol>
      <symbol id="sm-7c7">
         <name>__nedf2</name>
         <value>0x3e19</value>
         <object_component_ref idref="oc-38a"/>
      </symbol>
      <symbol id="sm-7c8">
         <name>__gtdf2</name>
         <value>0x3da9</value>
         <object_component_ref idref="oc-390"/>
      </symbol>
      <symbol id="sm-7d3">
         <name>__aeabi_ldiv0</name>
         <value>0x46ef</value>
         <object_component_ref idref="oc-2d6"/>
      </symbol>
      <symbol id="sm-7dc">
         <name>TI_memcpy_small</name>
         <value>0x67a9</value>
         <object_component_ref idref="oc-93"/>
      </symbol>
      <symbol id="sm-7e4">
         <name>TI_memset_small</name>
         <value>0x693f</value>
         <object_component_ref idref="oc-c3"/>
      </symbol>
      <symbol id="sm-7e5">
         <name>__TI_static_base__</name>
         <value>0x0</value>
      </symbol>
      <symbol id="sm-7e8">
         <name>ITM_flush</name>
         <value>0x0</value>
      </symbol>
      <symbol id="sm-7e9">
         <name>ITM_restore</name>
         <value>0x0</value>
      </symbol>
      <symbol id="sm-7ea">
         <name>__mpu_init</name>
         <value>0x0</value>
      </symbol>
   </symbol_table>
   <title>Link successful</title>
</link_info>
